Archive member included to satisfy reference by file (symbol)

c:/software/stm32cubeide_1.9.0/stm32cubeide/plugins/com.st.stm32cube.ide.mcu.externaltools.gnu-tools-for-stm32.10.3-2021.10.win32_1.0.0.202111181127/tools/bin/../lib/gcc/arm-none-eabi/10.3.1/../../../../arm-none-eabi/lib/thumb/v6-m/nofp\libc_nano.a(lib_a-exit.o)
                              c:/software/stm32cubeide_1.9.0/stm32cubeide/plugins/com.st.stm32cube.ide.mcu.externaltools.gnu-tools-for-stm32.10.3-2021.10.win32_1.0.0.202111181127/tools/bin/../lib/gcc/arm-none-eabi/10.3.1/../../../../arm-none-eabi/lib/thumb/v6-m/nofp/crt0.o (exit)
c:/software/stm32cubeide_1.9.0/stm32cubeide/plugins/com.st.stm32cube.ide.mcu.externaltools.gnu-tools-for-stm32.10.3-2021.10.win32_1.0.0.202111181127/tools/bin/../lib/gcc/arm-none-eabi/10.3.1/../../../../arm-none-eabi/lib/thumb/v6-m/nofp\libc_nano.a(lib_a-impure.o)
                              c:/software/stm32cubeide_1.9.0/stm32cubeide/plugins/com.st.stm32cube.ide.mcu.externaltools.gnu-tools-for-stm32.10.3-2021.10.win32_1.0.0.202111181127/tools/bin/../lib/gcc/arm-none-eabi/10.3.1/../../../../arm-none-eabi/lib/thumb/v6-m/nofp\libc_nano.a(lib_a-exit.o) (_global_impure_ptr)
c:/software/stm32cubeide_1.9.0/stm32cubeide/plugins/com.st.stm32cube.ide.mcu.externaltools.gnu-tools-for-stm32.10.3-2021.10.win32_1.0.0.202111181127/tools/bin/../lib/gcc/arm-none-eabi/10.3.1/../../../../arm-none-eabi/lib/thumb/v6-m/nofp\libc_nano.a(lib_a-init.o)
                              c:/software/stm32cubeide_1.9.0/stm32cubeide/plugins/com.st.stm32cube.ide.mcu.externaltools.gnu-tools-for-stm32.10.3-2021.10.win32_1.0.0.202111181127/tools/bin/../lib/gcc/arm-none-eabi/10.3.1/../../../../arm-none-eabi/lib/thumb/v6-m/nofp/crt0.o (__libc_init_array)
c:/software/stm32cubeide_1.9.0/stm32cubeide/plugins/com.st.stm32cube.ide.mcu.externaltools.gnu-tools-for-stm32.10.3-2021.10.win32_1.0.0.202111181127/tools/bin/../lib/gcc/arm-none-eabi/10.3.1/../../../../arm-none-eabi/lib/thumb/v6-m/nofp\libc_nano.a(lib_a-memset.o)
                              c:/software/stm32cubeide_1.9.0/stm32cubeide/plugins/com.st.stm32cube.ide.mcu.externaltools.gnu-tools-for-stm32.10.3-2021.10.win32_1.0.0.202111181127/tools/bin/../lib/gcc/arm-none-eabi/10.3.1/../../../../arm-none-eabi/lib/thumb/v6-m/nofp/crt0.o (memset)
c:/software/stm32cubeide_1.9.0/stm32cubeide/plugins/com.st.stm32cube.ide.mcu.externaltools.gnu-tools-for-stm32.10.3-2021.10.win32_1.0.0.202111181127/tools/bin/../lib/gcc/arm-none-eabi/10.3.1/thumb/v6-m/nofp\libgcc.a(_udivsi3.o)
                              ./CMSIS/Src/system_stm32f0xx.o (__aeabi_uidiv)
c:/software/stm32cubeide_1.9.0/stm32cubeide/plugins/com.st.stm32cube.ide.mcu.externaltools.gnu-tools-for-stm32.10.3-2021.10.win32_1.0.0.202111181127/tools/bin/../lib/gcc/arm-none-eabi/10.3.1/thumb/v6-m/nofp\libgcc.a(_dvmd_tls.o)
                              c:/software/stm32cubeide_1.9.0/stm32cubeide/plugins/com.st.stm32cube.ide.mcu.externaltools.gnu-tools-for-stm32.10.3-2021.10.win32_1.0.0.202111181127/tools/bin/../lib/gcc/arm-none-eabi/10.3.1/thumb/v6-m/nofp\libgcc.a(_udivsi3.o) (__aeabi_idiv0)
c:/software/stm32cubeide_1.9.0/stm32cubeide/plugins/com.st.stm32cube.ide.mcu.externaltools.gnu-tools-for-stm32.10.3-2021.10.win32_1.0.0.202111181127/tools/bin/../lib/gcc/arm-none-eabi/10.3.1/../../../../arm-none-eabi/lib/thumb/v6-m/nofp\libnosys.a(_exit.o)
                              c:/software/stm32cubeide_1.9.0/stm32cubeide/plugins/com.st.stm32cube.ide.mcu.externaltools.gnu-tools-for-stm32.10.3-2021.10.win32_1.0.0.202111181127/tools/bin/../lib/gcc/arm-none-eabi/10.3.1/../../../../arm-none-eabi/lib/thumb/v6-m/nofp\libc_nano.a(lib_a-exit.o) (_exit)

Discarded input sections

 .text          0x0000000000000000        0x0 c:/software/stm32cubeide_1.9.0/stm32cubeide/plugins/com.st.stm32cube.ide.mcu.externaltools.gnu-tools-for-stm32.10.3-2021.10.win32_1.0.0.202111181127/tools/bin/../lib/gcc/arm-none-eabi/10.3.1/thumb/v6-m/nofp/crti.o
 .data          0x0000000000000000        0x0 c:/software/stm32cubeide_1.9.0/stm32cubeide/plugins/com.st.stm32cube.ide.mcu.externaltools.gnu-tools-for-stm32.10.3-2021.10.win32_1.0.0.202111181127/tools/bin/../lib/gcc/arm-none-eabi/10.3.1/thumb/v6-m/nofp/crti.o
 .bss           0x0000000000000000        0x0 c:/software/stm32cubeide_1.9.0/stm32cubeide/plugins/com.st.stm32cube.ide.mcu.externaltools.gnu-tools-for-stm32.10.3-2021.10.win32_1.0.0.202111181127/tools/bin/../lib/gcc/arm-none-eabi/10.3.1/thumb/v6-m/nofp/crti.o
 .data          0x0000000000000000        0x4 c:/software/stm32cubeide_1.9.0/stm32cubeide/plugins/com.st.stm32cube.ide.mcu.externaltools.gnu-tools-for-stm32.10.3-2021.10.win32_1.0.0.202111181127/tools/bin/../lib/gcc/arm-none-eabi/10.3.1/thumb/v6-m/nofp/crtbegin.o
 .rodata        0x0000000000000000       0x24 c:/software/stm32cubeide_1.9.0/stm32cubeide/plugins/com.st.stm32cube.ide.mcu.externaltools.gnu-tools-for-stm32.10.3-2021.10.win32_1.0.0.202111181127/tools/bin/../lib/gcc/arm-none-eabi/10.3.1/thumb/v6-m/nofp/crtbegin.o
 .text          0x0000000000000000       0x80 c:/software/stm32cubeide_1.9.0/stm32cubeide/plugins/com.st.stm32cube.ide.mcu.externaltools.gnu-tools-for-stm32.10.3-2021.10.win32_1.0.0.202111181127/tools/bin/../lib/gcc/arm-none-eabi/10.3.1/../../../../arm-none-eabi/lib/thumb/v6-m/nofp/crt0.o
 .data          0x0000000000000000        0x0 c:/software/stm32cubeide_1.9.0/stm32cubeide/plugins/com.st.stm32cube.ide.mcu.externaltools.gnu-tools-for-stm32.10.3-2021.10.win32_1.0.0.202111181127/tools/bin/../lib/gcc/arm-none-eabi/10.3.1/../../../../arm-none-eabi/lib/thumb/v6-m/nofp/crt0.o
 .bss           0x0000000000000000        0x0 c:/software/stm32cubeide_1.9.0/stm32cubeide/plugins/com.st.stm32cube.ide.mcu.externaltools.gnu-tools-for-stm32.10.3-2021.10.win32_1.0.0.202111181127/tools/bin/../lib/gcc/arm-none-eabi/10.3.1/../../../../arm-none-eabi/lib/thumb/v6-m/nofp/crt0.o
 .ARM.extab     0x0000000000000000        0x0 c:/software/stm32cubeide_1.9.0/stm32cubeide/plugins/com.st.stm32cube.ide.mcu.externaltools.gnu-tools-for-stm32.10.3-2021.10.win32_1.0.0.202111181127/tools/bin/../lib/gcc/arm-none-eabi/10.3.1/../../../../arm-none-eabi/lib/thumb/v6-m/nofp/crt0.o
 .ARM.exidx     0x0000000000000000       0x10 c:/software/stm32cubeide_1.9.0/stm32cubeide/plugins/com.st.stm32cube.ide.mcu.externaltools.gnu-tools-for-stm32.10.3-2021.10.win32_1.0.0.202111181127/tools/bin/../lib/gcc/arm-none-eabi/10.3.1/../../../../arm-none-eabi/lib/thumb/v6-m/nofp/crt0.o
 .ARM.attributes
                0x0000000000000000       0x1b c:/software/stm32cubeide_1.9.0/stm32cubeide/plugins/com.st.stm32cube.ide.mcu.externaltools.gnu-tools-for-stm32.10.3-2021.10.win32_1.0.0.202111181127/tools/bin/../lib/gcc/arm-none-eabi/10.3.1/../../../../arm-none-eabi/lib/thumb/v6-m/nofp/crt0.o
 .group         0x0000000000000000        0xc ./CMSIS/Src/system_stm32f0xx.o
 .group         0x0000000000000000        0xc ./CMSIS/Src/system_stm32f0xx.o
 .group         0x0000000000000000        0xc ./CMSIS/Src/system_stm32f0xx.o
 .group         0x0000000000000000        0xc ./CMSIS/Src/system_stm32f0xx.o
 .group         0x0000000000000000        0xc ./CMSIS/Src/system_stm32f0xx.o
 .group         0x0000000000000000        0xc ./CMSIS/Src/system_stm32f0xx.o
 .group         0x0000000000000000        0xc ./CMSIS/Src/system_stm32f0xx.o
 .group         0x0000000000000000        0xc ./CMSIS/Src/system_stm32f0xx.o
 .group         0x0000000000000000        0xc ./CMSIS/Src/system_stm32f0xx.o
 .group         0x0000000000000000        0xc ./CMSIS/Src/system_stm32f0xx.o
 .group         0x0000000000000000        0xc ./CMSIS/Src/system_stm32f0xx.o
 .group         0x0000000000000000        0xc ./CMSIS/Src/system_stm32f0xx.o
 .group         0x0000000000000000        0xc ./CMSIS/Src/system_stm32f0xx.o
 .group         0x0000000000000000        0xc ./CMSIS/Src/system_stm32f0xx.o
 .group         0x0000000000000000        0xc ./CMSIS/Src/system_stm32f0xx.o
 .text          0x0000000000000000        0x0 ./CMSIS/Src/system_stm32f0xx.o
 .data          0x0000000000000000        0x0 ./CMSIS/Src/system_stm32f0xx.o
 .bss           0x0000000000000000        0x0 ./CMSIS/Src/system_stm32f0xx.o
 .rodata.APBPrescTable
                0x0000000000000000        0x8 ./CMSIS/Src/system_stm32f0xx.o
 .group         0x0000000000000000        0xc ./Src/main.o
 .group         0x0000000000000000        0xc ./Src/main.o
 .group         0x0000000000000000        0xc ./Src/main.o
 .text          0x0000000000000000        0x0 ./Src/main.o
 .data          0x0000000000000000        0x0 ./Src/main.o
 .bss           0x0000000000000000        0x0 ./Src/main.o
 .debug_macro   0x0000000000000000      0xa54 ./Src/main.o
 .group         0x0000000000000000        0xc ./Src/misc.o
 .group         0x0000000000000000        0xc ./Src/misc.o
 .group         0x0000000000000000        0xc ./Src/misc.o
 .group         0x0000000000000000        0xc ./Src/misc.o
 .group         0x0000000000000000        0xc ./Src/misc.o
 .group         0x0000000000000000        0xc ./Src/misc.o
 .group         0x0000000000000000        0xc ./Src/misc.o
 .group         0x0000000000000000        0xc ./Src/misc.o
 .group         0x0000000000000000        0xc ./Src/misc.o
 .group         0x0000000000000000        0xc ./Src/misc.o
 .group         0x0000000000000000        0xc ./Src/misc.o
 .group         0x0000000000000000        0xc ./Src/misc.o
 .group         0x0000000000000000        0xc ./Src/misc.o
 .group         0x0000000000000000        0xc ./Src/misc.o
 .group         0x0000000000000000        0xc ./Src/misc.o
 .group         0x0000000000000000        0xc ./Src/misc.o
 .group         0x0000000000000000        0xc ./Src/misc.o
 .text          0x0000000000000000        0x0 ./Src/misc.o
 .data          0x0000000000000000        0x0 ./Src/misc.o
 .bss           0x0000000000000000        0x0 ./Src/misc.o
 .debug_macro   0x0000000000000000      0xa54 ./Src/misc.o
 .debug_macro   0x0000000000000000       0x2e ./Src/misc.o
 .debug_macro   0x0000000000000000       0x22 ./Src/misc.o
 .debug_macro   0x0000000000000000       0x22 ./Src/misc.o
 .debug_macro   0x0000000000000000       0x8e ./Src/misc.o
 .debug_macro   0x0000000000000000       0x51 ./Src/misc.o
 .debug_macro   0x0000000000000000      0x103 ./Src/misc.o
 .debug_macro   0x0000000000000000       0x6a ./Src/misc.o
 .debug_macro   0x0000000000000000      0x1df ./Src/misc.o
 .debug_macro   0x0000000000000000       0x1c ./Src/misc.o
 .debug_macro   0x0000000000000000       0x22 ./Src/misc.o
 .debug_macro   0x0000000000000000       0xaf ./Src/misc.o
 .debug_macro   0x0000000000000000      0x391 ./Src/misc.o
 .debug_macro   0x0000000000000000     0x8cdd ./Src/misc.o
 .debug_macro   0x0000000000000000       0x3c ./Src/misc.o
 .debug_macro   0x0000000000000000       0x1c ./Src/misc.o
 .debug_macro   0x0000000000000000       0x58 ./Src/misc.o
 .group         0x0000000000000000        0xc ./Src/onewire.o
 .text          0x0000000000000000        0x0 ./Src/onewire.o
 .data          0x0000000000000000        0x0 ./Src/onewire.o
 .bss           0x0000000000000000        0x0 ./Src/onewire.o
 .debug_info    0x0000000000000000       0x21 ./Src/onewire.o
 .debug_abbrev  0x0000000000000000       0x13 ./Src/onewire.o
 .debug_aranges
                0x0000000000000000       0x18 ./Src/onewire.o
 .debug_macro   0x0000000000000000       0x11 ./Src/onewire.o
 .debug_macro   0x0000000000000000      0xa54 ./Src/onewire.o
 .debug_line    0x0000000000000000       0x31 ./Src/onewire.o
 .debug_str     0x0000000000000000     0x2bc5 ./Src/onewire.o
 .comment       0x0000000000000000       0x51 ./Src/onewire.o
 .ARM.attributes
                0x0000000000000000       0x2c ./Src/onewire.o
 .group         0x0000000000000000        0xc ./Src/segm.o
 .group         0x0000000000000000        0xc ./Src/segm.o
 .group         0x0000000000000000        0xc ./Src/segm.o
 .group         0x0000000000000000        0xc ./Src/segm.o
 .group         0x0000000000000000        0xc ./Src/segm.o
 .group         0x0000000000000000        0xc ./Src/segm.o
 .group         0x0000000000000000        0xc ./Src/segm.o
 .group         0x0000000000000000        0xc ./Src/segm.o
 .group         0x0000000000000000        0xc ./Src/segm.o
 .group         0x0000000000000000        0xc ./Src/segm.o
 .group         0x0000000000000000        0xc ./Src/segm.o
 .group         0x0000000000000000        0xc ./Src/segm.o
 .group         0x0000000000000000        0xc ./Src/segm.o
 .group         0x0000000000000000        0xc ./Src/segm.o
 .group         0x0000000000000000        0xc ./Src/segm.o
 .group         0x0000000000000000        0xc ./Src/segm.o
 .group         0x0000000000000000        0xc ./Src/segm.o
 .text          0x0000000000000000        0x0 ./Src/segm.o
 .data          0x0000000000000000        0x0 ./Src/segm.o
 .bss           0x0000000000000000        0x0 ./Src/segm.o
 .debug_macro   0x0000000000000000      0xa54 ./Src/segm.o
 .debug_macro   0x0000000000000000       0x1c ./Src/segm.o
 .debug_macro   0x0000000000000000       0x58 ./Src/segm.o
 .debug_macro   0x0000000000000000       0x2e ./Src/segm.o
 .debug_macro   0x0000000000000000       0x22 ./Src/segm.o
 .debug_macro   0x0000000000000000       0x22 ./Src/segm.o
 .debug_macro   0x0000000000000000       0x8e ./Src/segm.o
 .debug_macro   0x0000000000000000       0x51 ./Src/segm.o
 .debug_macro   0x0000000000000000      0x103 ./Src/segm.o
 .debug_macro   0x0000000000000000       0x6a ./Src/segm.o
 .debug_macro   0x0000000000000000      0x1df ./Src/segm.o
 .debug_macro   0x0000000000000000       0x1c ./Src/segm.o
 .debug_macro   0x0000000000000000       0x22 ./Src/segm.o
 .debug_macro   0x0000000000000000       0xaf ./Src/segm.o
 .debug_macro   0x0000000000000000      0x391 ./Src/segm.o
 .debug_macro   0x0000000000000000     0x8cdd ./Src/segm.o
 .debug_macro   0x0000000000000000       0x3c ./Src/segm.o
 .text          0x0000000000000000       0x14 ./Startup/startup_stm32f051r8tx.o
 .data          0x0000000000000000        0x0 ./Startup/startup_stm32f051r8tx.o
 .bss           0x0000000000000000        0x0 ./Startup/startup_stm32f051r8tx.o
 .text          0x0000000000000000        0x0 c:/software/stm32cubeide_1.9.0/stm32cubeide/plugins/com.st.stm32cube.ide.mcu.externaltools.gnu-tools-for-stm32.10.3-2021.10.win32_1.0.0.202111181127/tools/bin/../lib/gcc/arm-none-eabi/10.3.1/../../../../arm-none-eabi/lib/thumb/v6-m/nofp\libc_nano.a(lib_a-exit.o)
 .data          0x0000000000000000        0x0 c:/software/stm32cubeide_1.9.0/stm32cubeide/plugins/com.st.stm32cube.ide.mcu.externaltools.gnu-tools-for-stm32.10.3-2021.10.win32_1.0.0.202111181127/tools/bin/../lib/gcc/arm-none-eabi/10.3.1/../../../../arm-none-eabi/lib/thumb/v6-m/nofp\libc_nano.a(lib_a-exit.o)
 .bss           0x0000000000000000        0x0 c:/software/stm32cubeide_1.9.0/stm32cubeide/plugins/com.st.stm32cube.ide.mcu.externaltools.gnu-tools-for-stm32.10.3-2021.10.win32_1.0.0.202111181127/tools/bin/../lib/gcc/arm-none-eabi/10.3.1/../../../../arm-none-eabi/lib/thumb/v6-m/nofp\libc_nano.a(lib_a-exit.o)
 .text.exit     0x0000000000000000       0x2c c:/software/stm32cubeide_1.9.0/stm32cubeide/plugins/com.st.stm32cube.ide.mcu.externaltools.gnu-tools-for-stm32.10.3-2021.10.win32_1.0.0.202111181127/tools/bin/../lib/gcc/arm-none-eabi/10.3.1/../../../../arm-none-eabi/lib/thumb/v6-m/nofp\libc_nano.a(lib_a-exit.o)
 .debug_frame   0x0000000000000000       0x28 c:/software/stm32cubeide_1.9.0/stm32cubeide/plugins/com.st.stm32cube.ide.mcu.externaltools.gnu-tools-for-stm32.10.3-2021.10.win32_1.0.0.202111181127/tools/bin/../lib/gcc/arm-none-eabi/10.3.1/../../../../arm-none-eabi/lib/thumb/v6-m/nofp\libc_nano.a(lib_a-exit.o)
 .ARM.attributes
                0x0000000000000000       0x2c c:/software/stm32cubeide_1.9.0/stm32cubeide/plugins/com.st.stm32cube.ide.mcu.externaltools.gnu-tools-for-stm32.10.3-2021.10.win32_1.0.0.202111181127/tools/bin/../lib/gcc/arm-none-eabi/10.3.1/../../../../arm-none-eabi/lib/thumb/v6-m/nofp\libc_nano.a(lib_a-exit.o)
 .text          0x0000000000000000        0x0 c:/software/stm32cubeide_1.9.0/stm32cubeide/plugins/com.st.stm32cube.ide.mcu.externaltools.gnu-tools-for-stm32.10.3-2021.10.win32_1.0.0.202111181127/tools/bin/../lib/gcc/arm-none-eabi/10.3.1/../../../../arm-none-eabi/lib/thumb/v6-m/nofp\libc_nano.a(lib_a-impure.o)
 .data          0x0000000000000000        0x0 c:/software/stm32cubeide_1.9.0/stm32cubeide/plugins/com.st.stm32cube.ide.mcu.externaltools.gnu-tools-for-stm32.10.3-2021.10.win32_1.0.0.202111181127/tools/bin/../lib/gcc/arm-none-eabi/10.3.1/../../../../arm-none-eabi/lib/thumb/v6-m/nofp\libc_nano.a(lib_a-impure.o)
 .bss           0x0000000000000000        0x0 c:/software/stm32cubeide_1.9.0/stm32cubeide/plugins/com.st.stm32cube.ide.mcu.externaltools.gnu-tools-for-stm32.10.3-2021.10.win32_1.0.0.202111181127/tools/bin/../lib/gcc/arm-none-eabi/10.3.1/../../../../arm-none-eabi/lib/thumb/v6-m/nofp\libc_nano.a(lib_a-impure.o)
 .data._impure_ptr
                0x0000000000000000        0x4 c:/software/stm32cubeide_1.9.0/stm32cubeide/plugins/com.st.stm32cube.ide.mcu.externaltools.gnu-tools-for-stm32.10.3-2021.10.win32_1.0.0.202111181127/tools/bin/../lib/gcc/arm-none-eabi/10.3.1/../../../../arm-none-eabi/lib/thumb/v6-m/nofp\libc_nano.a(lib_a-impure.o)
 .data.impure_data
                0x0000000000000000       0x60 c:/software/stm32cubeide_1.9.0/stm32cubeide/plugins/com.st.stm32cube.ide.mcu.externaltools.gnu-tools-for-stm32.10.3-2021.10.win32_1.0.0.202111181127/tools/bin/../lib/gcc/arm-none-eabi/10.3.1/../../../../arm-none-eabi/lib/thumb/v6-m/nofp\libc_nano.a(lib_a-impure.o)
 .rodata._global_impure_ptr
                0x0000000000000000        0x4 c:/software/stm32cubeide_1.9.0/stm32cubeide/plugins/com.st.stm32cube.ide.mcu.externaltools.gnu-tools-for-stm32.10.3-2021.10.win32_1.0.0.202111181127/tools/bin/../lib/gcc/arm-none-eabi/10.3.1/../../../../arm-none-eabi/lib/thumb/v6-m/nofp\libc_nano.a(lib_a-impure.o)
 .ARM.attributes
                0x0000000000000000       0x2c c:/software/stm32cubeide_1.9.0/stm32cubeide/plugins/com.st.stm32cube.ide.mcu.externaltools.gnu-tools-for-stm32.10.3-2021.10.win32_1.0.0.202111181127/tools/bin/../lib/gcc/arm-none-eabi/10.3.1/../../../../arm-none-eabi/lib/thumb/v6-m/nofp\libc_nano.a(lib_a-impure.o)
 .text          0x0000000000000000        0x0 c:/software/stm32cubeide_1.9.0/stm32cubeide/plugins/com.st.stm32cube.ide.mcu.externaltools.gnu-tools-for-stm32.10.3-2021.10.win32_1.0.0.202111181127/tools/bin/../lib/gcc/arm-none-eabi/10.3.1/../../../../arm-none-eabi/lib/thumb/v6-m/nofp\libc_nano.a(lib_a-init.o)
 .data          0x0000000000000000        0x0 c:/software/stm32cubeide_1.9.0/stm32cubeide/plugins/com.st.stm32cube.ide.mcu.externaltools.gnu-tools-for-stm32.10.3-2021.10.win32_1.0.0.202111181127/tools/bin/../lib/gcc/arm-none-eabi/10.3.1/../../../../arm-none-eabi/lib/thumb/v6-m/nofp\libc_nano.a(lib_a-init.o)
 .bss           0x0000000000000000        0x0 c:/software/stm32cubeide_1.9.0/stm32cubeide/plugins/com.st.stm32cube.ide.mcu.externaltools.gnu-tools-for-stm32.10.3-2021.10.win32_1.0.0.202111181127/tools/bin/../lib/gcc/arm-none-eabi/10.3.1/../../../../arm-none-eabi/lib/thumb/v6-m/nofp\libc_nano.a(lib_a-init.o)
 .text          0x0000000000000000        0x0 c:/software/stm32cubeide_1.9.0/stm32cubeide/plugins/com.st.stm32cube.ide.mcu.externaltools.gnu-tools-for-stm32.10.3-2021.10.win32_1.0.0.202111181127/tools/bin/../lib/gcc/arm-none-eabi/10.3.1/../../../../arm-none-eabi/lib/thumb/v6-m/nofp\libc_nano.a(lib_a-memset.o)
 .data          0x0000000000000000        0x0 c:/software/stm32cubeide_1.9.0/stm32cubeide/plugins/com.st.stm32cube.ide.mcu.externaltools.gnu-tools-for-stm32.10.3-2021.10.win32_1.0.0.202111181127/tools/bin/../lib/gcc/arm-none-eabi/10.3.1/../../../../arm-none-eabi/lib/thumb/v6-m/nofp\libc_nano.a(lib_a-memset.o)
 .bss           0x0000000000000000        0x0 c:/software/stm32cubeide_1.9.0/stm32cubeide/plugins/com.st.stm32cube.ide.mcu.externaltools.gnu-tools-for-stm32.10.3-2021.10.win32_1.0.0.202111181127/tools/bin/../lib/gcc/arm-none-eabi/10.3.1/../../../../arm-none-eabi/lib/thumb/v6-m/nofp\libc_nano.a(lib_a-memset.o)
 .text.memset   0x0000000000000000       0x10 c:/software/stm32cubeide_1.9.0/stm32cubeide/plugins/com.st.stm32cube.ide.mcu.externaltools.gnu-tools-for-stm32.10.3-2021.10.win32_1.0.0.202111181127/tools/bin/../lib/gcc/arm-none-eabi/10.3.1/../../../../arm-none-eabi/lib/thumb/v6-m/nofp\libc_nano.a(lib_a-memset.o)
 .debug_frame   0x0000000000000000       0x20 c:/software/stm32cubeide_1.9.0/stm32cubeide/plugins/com.st.stm32cube.ide.mcu.externaltools.gnu-tools-for-stm32.10.3-2021.10.win32_1.0.0.202111181127/tools/bin/../lib/gcc/arm-none-eabi/10.3.1/../../../../arm-none-eabi/lib/thumb/v6-m/nofp\libc_nano.a(lib_a-memset.o)
 .ARM.attributes
                0x0000000000000000       0x2c c:/software/stm32cubeide_1.9.0/stm32cubeide/plugins/com.st.stm32cube.ide.mcu.externaltools.gnu-tools-for-stm32.10.3-2021.10.win32_1.0.0.202111181127/tools/bin/../lib/gcc/arm-none-eabi/10.3.1/../../../../arm-none-eabi/lib/thumb/v6-m/nofp\libc_nano.a(lib_a-memset.o)
 .data          0x0000000000000000        0x0 c:/software/stm32cubeide_1.9.0/stm32cubeide/plugins/com.st.stm32cube.ide.mcu.externaltools.gnu-tools-for-stm32.10.3-2021.10.win32_1.0.0.202111181127/tools/bin/../lib/gcc/arm-none-eabi/10.3.1/thumb/v6-m/nofp\libgcc.a(_udivsi3.o)
 .bss           0x0000000000000000        0x0 c:/software/stm32cubeide_1.9.0/stm32cubeide/plugins/com.st.stm32cube.ide.mcu.externaltools.gnu-tools-for-stm32.10.3-2021.10.win32_1.0.0.202111181127/tools/bin/../lib/gcc/arm-none-eabi/10.3.1/thumb/v6-m/nofp\libgcc.a(_udivsi3.o)
 .data          0x0000000000000000        0x0 c:/software/stm32cubeide_1.9.0/stm32cubeide/plugins/com.st.stm32cube.ide.mcu.externaltools.gnu-tools-for-stm32.10.3-2021.10.win32_1.0.0.202111181127/tools/bin/../lib/gcc/arm-none-eabi/10.3.1/thumb/v6-m/nofp\libgcc.a(_dvmd_tls.o)
 .bss           0x0000000000000000        0x0 c:/software/stm32cubeide_1.9.0/stm32cubeide/plugins/com.st.stm32cube.ide.mcu.externaltools.gnu-tools-for-stm32.10.3-2021.10.win32_1.0.0.202111181127/tools/bin/../lib/gcc/arm-none-eabi/10.3.1/thumb/v6-m/nofp\libgcc.a(_dvmd_tls.o)
 .text          0x0000000000000000        0x0 c:/software/stm32cubeide_1.9.0/stm32cubeide/plugins/com.st.stm32cube.ide.mcu.externaltools.gnu-tools-for-stm32.10.3-2021.10.win32_1.0.0.202111181127/tools/bin/../lib/gcc/arm-none-eabi/10.3.1/../../../../arm-none-eabi/lib/thumb/v6-m/nofp\libnosys.a(_exit.o)
 .data          0x0000000000000000        0x0 c:/software/stm32cubeide_1.9.0/stm32cubeide/plugins/com.st.stm32cube.ide.mcu.externaltools.gnu-tools-for-stm32.10.3-2021.10.win32_1.0.0.202111181127/tools/bin/../lib/gcc/arm-none-eabi/10.3.1/../../../../arm-none-eabi/lib/thumb/v6-m/nofp\libnosys.a(_exit.o)
 .bss           0x0000000000000000        0x0 c:/software/stm32cubeide_1.9.0/stm32cubeide/plugins/com.st.stm32cube.ide.mcu.externaltools.gnu-tools-for-stm32.10.3-2021.10.win32_1.0.0.202111181127/tools/bin/../lib/gcc/arm-none-eabi/10.3.1/../../../../arm-none-eabi/lib/thumb/v6-m/nofp\libnosys.a(_exit.o)
 .text._exit    0x0000000000000000        0x2 c:/software/stm32cubeide_1.9.0/stm32cubeide/plugins/com.st.stm32cube.ide.mcu.externaltools.gnu-tools-for-stm32.10.3-2021.10.win32_1.0.0.202111181127/tools/bin/../lib/gcc/arm-none-eabi/10.3.1/../../../../arm-none-eabi/lib/thumb/v6-m/nofp\libnosys.a(_exit.o)
 .debug_frame   0x0000000000000000       0x20 c:/software/stm32cubeide_1.9.0/stm32cubeide/plugins/com.st.stm32cube.ide.mcu.externaltools.gnu-tools-for-stm32.10.3-2021.10.win32_1.0.0.202111181127/tools/bin/../lib/gcc/arm-none-eabi/10.3.1/../../../../arm-none-eabi/lib/thumb/v6-m/nofp\libnosys.a(_exit.o)
 .ARM.attributes
                0x0000000000000000       0x2c c:/software/stm32cubeide_1.9.0/stm32cubeide/plugins/com.st.stm32cube.ide.mcu.externaltools.gnu-tools-for-stm32.10.3-2021.10.win32_1.0.0.202111181127/tools/bin/../lib/gcc/arm-none-eabi/10.3.1/../../../../arm-none-eabi/lib/thumb/v6-m/nofp\libnosys.a(_exit.o)
 .text          0x0000000000000000        0x0 c:/software/stm32cubeide_1.9.0/stm32cubeide/plugins/com.st.stm32cube.ide.mcu.externaltools.gnu-tools-for-stm32.10.3-2021.10.win32_1.0.0.202111181127/tools/bin/../lib/gcc/arm-none-eabi/10.3.1/thumb/v6-m/nofp/crtend.o
 .data          0x0000000000000000        0x0 c:/software/stm32cubeide_1.9.0/stm32cubeide/plugins/com.st.stm32cube.ide.mcu.externaltools.gnu-tools-for-stm32.10.3-2021.10.win32_1.0.0.202111181127/tools/bin/../lib/gcc/arm-none-eabi/10.3.1/thumb/v6-m/nofp/crtend.o
 .bss           0x0000000000000000        0x0 c:/software/stm32cubeide_1.9.0/stm32cubeide/plugins/com.st.stm32cube.ide.mcu.externaltools.gnu-tools-for-stm32.10.3-2021.10.win32_1.0.0.202111181127/tools/bin/../lib/gcc/arm-none-eabi/10.3.1/thumb/v6-m/nofp/crtend.o
 .rodata        0x0000000000000000       0x24 c:/software/stm32cubeide_1.9.0/stm32cubeide/plugins/com.st.stm32cube.ide.mcu.externaltools.gnu-tools-for-stm32.10.3-2021.10.win32_1.0.0.202111181127/tools/bin/../lib/gcc/arm-none-eabi/10.3.1/thumb/v6-m/nofp/crtend.o
 .eh_frame      0x0000000000000000        0x4 c:/software/stm32cubeide_1.9.0/stm32cubeide/plugins/com.st.stm32cube.ide.mcu.externaltools.gnu-tools-for-stm32.10.3-2021.10.win32_1.0.0.202111181127/tools/bin/../lib/gcc/arm-none-eabi/10.3.1/thumb/v6-m/nofp/crtend.o
 .ARM.attributes
                0x0000000000000000       0x2c c:/software/stm32cubeide_1.9.0/stm32cubeide/plugins/com.st.stm32cube.ide.mcu.externaltools.gnu-tools-for-stm32.10.3-2021.10.win32_1.0.0.202111181127/tools/bin/../lib/gcc/arm-none-eabi/10.3.1/thumb/v6-m/nofp/crtend.o
 .text          0x0000000000000000        0x0 c:/software/stm32cubeide_1.9.0/stm32cubeide/plugins/com.st.stm32cube.ide.mcu.externaltools.gnu-tools-for-stm32.10.3-2021.10.win32_1.0.0.202111181127/tools/bin/../lib/gcc/arm-none-eabi/10.3.1/thumb/v6-m/nofp/crtn.o
 .data          0x0000000000000000        0x0 c:/software/stm32cubeide_1.9.0/stm32cubeide/plugins/com.st.stm32cube.ide.mcu.externaltools.gnu-tools-for-stm32.10.3-2021.10.win32_1.0.0.202111181127/tools/bin/../lib/gcc/arm-none-eabi/10.3.1/thumb/v6-m/nofp/crtn.o
 .bss           0x0000000000000000        0x0 c:/software/stm32cubeide_1.9.0/stm32cubeide/plugins/com.st.stm32cube.ide.mcu.externaltools.gnu-tools-for-stm32.10.3-2021.10.win32_1.0.0.202111181127/tools/bin/../lib/gcc/arm-none-eabi/10.3.1/thumb/v6-m/nofp/crtn.o

Memory Configuration

Name             Origin             Length             Attributes
RAM              0x0000000020000000 0x0000000000002000 xrw
FLASH            0x0000000008000000 0x0000000000010000 xr
*default*        0x0000000000000000 0xffffffffffffffff

Linker script and memory map

LOAD c:/software/stm32cubeide_1.9.0/stm32cubeide/plugins/com.st.stm32cube.ide.mcu.externaltools.gnu-tools-for-stm32.10.3-2021.10.win32_1.0.0.202111181127/tools/bin/../lib/gcc/arm-none-eabi/10.3.1/thumb/v6-m/nofp/crti.o
LOAD c:/software/stm32cubeide_1.9.0/stm32cubeide/plugins/com.st.stm32cube.ide.mcu.externaltools.gnu-tools-for-stm32.10.3-2021.10.win32_1.0.0.202111181127/tools/bin/../lib/gcc/arm-none-eabi/10.3.1/thumb/v6-m/nofp/crtbegin.o
LOAD c:/software/stm32cubeide_1.9.0/stm32cubeide/plugins/com.st.stm32cube.ide.mcu.externaltools.gnu-tools-for-stm32.10.3-2021.10.win32_1.0.0.202111181127/tools/bin/../lib/gcc/arm-none-eabi/10.3.1/../../../../arm-none-eabi/lib/thumb/v6-m/nofp/crt0.o
LOAD ./CMSIS/Src/system_stm32f0xx.o
LOAD ./Src/main.o
LOAD ./Src/misc.o
LOAD ./Src/onewire.o
LOAD ./Src/segm.o
LOAD ./Startup/startup_stm32f051r8tx.o
START GROUP
LOAD c:/software/stm32cubeide_1.9.0/stm32cubeide/plugins/com.st.stm32cube.ide.mcu.externaltools.gnu-tools-for-stm32.10.3-2021.10.win32_1.0.0.202111181127/tools/bin/../lib/gcc/arm-none-eabi/10.3.1/../../../../arm-none-eabi/lib/thumb/v6-m/nofp\libc_nano.a
LOAD c:/software/stm32cubeide_1.9.0/stm32cubeide/plugins/com.st.stm32cube.ide.mcu.externaltools.gnu-tools-for-stm32.10.3-2021.10.win32_1.0.0.202111181127/tools/bin/../lib/gcc/arm-none-eabi/10.3.1/../../../../arm-none-eabi/lib/thumb/v6-m/nofp\libm.a
END GROUP
START GROUP
LOAD c:/software/stm32cubeide_1.9.0/stm32cubeide/plugins/com.st.stm32cube.ide.mcu.externaltools.gnu-tools-for-stm32.10.3-2021.10.win32_1.0.0.202111181127/tools/bin/../lib/gcc/arm-none-eabi/10.3.1/thumb/v6-m/nofp\libgcc.a
LOAD c:/software/stm32cubeide_1.9.0/stm32cubeide/plugins/com.st.stm32cube.ide.mcu.externaltools.gnu-tools-for-stm32.10.3-2021.10.win32_1.0.0.202111181127/tools/bin/../lib/gcc/arm-none-eabi/10.3.1/../../../../arm-none-eabi/lib/thumb/v6-m/nofp\libc_nano.a
END GROUP
START GROUP
LOAD c:/software/stm32cubeide_1.9.0/stm32cubeide/plugins/com.st.stm32cube.ide.mcu.externaltools.gnu-tools-for-stm32.10.3-2021.10.win32_1.0.0.202111181127/tools/bin/../lib/gcc/arm-none-eabi/10.3.1/thumb/v6-m/nofp\libgcc.a
LOAD c:/software/stm32cubeide_1.9.0/stm32cubeide/plugins/com.st.stm32cube.ide.mcu.externaltools.gnu-tools-for-stm32.10.3-2021.10.win32_1.0.0.202111181127/tools/bin/../lib/gcc/arm-none-eabi/10.3.1/../../../../arm-none-eabi/lib/thumb/v6-m/nofp\libc_nano.a
LOAD c:/software/stm32cubeide_1.9.0/stm32cubeide/plugins/com.st.stm32cube.ide.mcu.externaltools.gnu-tools-for-stm32.10.3-2021.10.win32_1.0.0.202111181127/tools/bin/../lib/gcc/arm-none-eabi/10.3.1/../../../../arm-none-eabi/lib/thumb/v6-m/nofp\libnosys.a
END GROUP
START GROUP
LOAD c:/software/stm32cubeide_1.9.0/stm32cubeide/plugins/com.st.stm32cube.ide.mcu.externaltools.gnu-tools-for-stm32.10.3-2021.10.win32_1.0.0.202111181127/tools/bin/../lib/gcc/arm-none-eabi/10.3.1/thumb/v6-m/nofp\libgcc.a
LOAD c:/software/stm32cubeide_1.9.0/stm32cubeide/plugins/com.st.stm32cube.ide.mcu.externaltools.gnu-tools-for-stm32.10.3-2021.10.win32_1.0.0.202111181127/tools/bin/../lib/gcc/arm-none-eabi/10.3.1/../../../../arm-none-eabi/lib/thumb/v6-m/nofp\libc_nano.a
LOAD c:/software/stm32cubeide_1.9.0/stm32cubeide/plugins/com.st.stm32cube.ide.mcu.externaltools.gnu-tools-for-stm32.10.3-2021.10.win32_1.0.0.202111181127/tools/bin/../lib/gcc/arm-none-eabi/10.3.1/../../../../arm-none-eabi/lib/thumb/v6-m/nofp\libnosys.a
END GROUP
LOAD c:/software/stm32cubeide_1.9.0/stm32cubeide/plugins/com.st.stm32cube.ide.mcu.externaltools.gnu-tools-for-stm32.10.3-2021.10.win32_1.0.0.202111181127/tools/bin/../lib/gcc/arm-none-eabi/10.3.1/thumb/v6-m/nofp/crtend.o
LOAD c:/software/stm32cubeide_1.9.0/stm32cubeide/plugins/com.st.stm32cube.ide.mcu.externaltools.gnu-tools-for-stm32.10.3-2021.10.win32_1.0.0.202111181127/tools/bin/../lib/gcc/arm-none-eabi/10.3.1/thumb/v6-m/nofp/crtn.o
                0x0000000020002000                _estack = (ORIGIN (RAM) + LENGTH (RAM))
                0x0000000000000200                _Min_Heap_Size = 0x200
                0x0000000000000400                _Min_Stack_Size = 0x400

.isr_vector     0x0000000008000000       0xc0
                0x0000000008000000                . = ALIGN (0x4)
 *(.isr_vector)
 .isr_vector    0x0000000008000000       0xc0 ./Startup/startup_stm32f051r8tx.o
                0x0000000008000000                g_pfnVectors
                0x00000000080000c0                . = ALIGN (0x4)

.text           0x00000000080000c0      0x59c
                0x00000000080000c0                . = ALIGN (0x4)
 *(.text)
 .text          0x00000000080000c0       0x48 c:/software/stm32cubeide_1.9.0/stm32cubeide/plugins/com.st.stm32cube.ide.mcu.externaltools.gnu-tools-for-stm32.10.3-2021.10.win32_1.0.0.202111181127/tools/bin/../lib/gcc/arm-none-eabi/10.3.1/thumb/v6-m/nofp/crtbegin.o
 .text          0x0000000008000108      0x114 c:/software/stm32cubeide_1.9.0/stm32cubeide/plugins/com.st.stm32cube.ide.mcu.externaltools.gnu-tools-for-stm32.10.3-2021.10.win32_1.0.0.202111181127/tools/bin/../lib/gcc/arm-none-eabi/10.3.1/thumb/v6-m/nofp\libgcc.a(_udivsi3.o)
                0x0000000008000108                __aeabi_uidiv
                0x0000000008000108                __udivsi3
                0x0000000008000214                __aeabi_uidivmod
 .text          0x000000000800021c        0x4 c:/software/stm32cubeide_1.9.0/stm32cubeide/plugins/com.st.stm32cube.ide.mcu.externaltools.gnu-tools-for-stm32.10.3-2021.10.win32_1.0.0.202111181127/tools/bin/../lib/gcc/arm-none-eabi/10.3.1/thumb/v6-m/nofp\libgcc.a(_dvmd_tls.o)
                0x000000000800021c                __aeabi_idiv0
                0x000000000800021c                __aeabi_ldiv0
 *(.text*)
 .text.SystemInit
                0x0000000008000220        0xa ./CMSIS/Src/system_stm32f0xx.o
                0x0000000008000220                SystemInit
 *fill*         0x000000000800022a        0x2 
 .text.SystemCoreClockUpdate
                0x000000000800022c       0xec ./CMSIS/Src/system_stm32f0xx.o
                0x000000000800022c                SystemCoreClockUpdate
 .text.TIM17_IRQHandler
                0x0000000008000318       0x4c ./Src/main.o
                0x0000000008000318                TIM17_IRQHandler
 .text.main     0x0000000008000364        0xa ./Src/main.o
                0x0000000008000364                main
 *fill*         0x000000000800036e        0x2 
 .text.__NVIC_EnableIRQ
                0x0000000008000370       0x34 ./Src/misc.o
 .text.initHW   0x00000000080003a4       0x16 ./Src/misc.o
                0x00000000080003a4                initHW
 *fill*         0x00000000080003ba        0x2 
 .text.initRCC  0x00000000080003bc       0x74 ./Src/misc.o
                0x00000000080003bc                initRCC
 .text.initTIM  0x0000000008000430       0x90 ./Src/misc.o
                0x0000000008000430                initTIM
 .text.initGPIO
                0x00000000080004c0       0x64 ./Src/misc.o
                0x00000000080004c0                initGPIO
 .text.timClearIFlag
                0x0000000008000524       0x14 ./Src/misc.o
                0x0000000008000524                timClearIFlag
 .text.drawDigit
                0x0000000008000538       0x70 ./Src/segm.o
                0x0000000008000538                drawDigit
 .text.Reset_Handler
                0x00000000080005a8       0x50 ./Startup/startup_stm32f051r8tx.o
                0x00000000080005a8                Reset_Handler
 .text.Default_Handler
                0x00000000080005f8        0x2 ./Startup/startup_stm32f051r8tx.o
                0x00000000080005f8                DMA1_CH4_5_6_7_DMA2_CH3_4_5_IRQHandler
                0x00000000080005f8                TIM1_CC_IRQHandler
                0x00000000080005f8                TSC_IRQHandler
                0x00000000080005f8                HardFault_Handler
                0x00000000080005f8                SysTick_Handler
                0x00000000080005f8                PVD_IRQHandler
                0x00000000080005f8                PendSV_Handler
                0x00000000080005f8                NMI_Handler
                0x00000000080005f8                I2C1_IRQHandler
                0x00000000080005f8                RCC_CRS_IRQHandler
                0x00000000080005f8                SPI1_IRQHandler
                0x00000000080005f8                TIM6_DAC_IRQHandler
                0x00000000080005f8                EXTI2_3_IRQHandler
                0x00000000080005f8                I2C2_IRQHandler
                0x00000000080005f8                CEC_CAN_IRQHandler
                0x00000000080005f8                RTC_IRQHandler
                0x00000000080005f8                TIM16_IRQHandler
                0x00000000080005f8                TIM3_IRQHandler
                0x00000000080005f8                EXTI4_15_IRQHandler
                0x00000000080005f8                Default_Handler
                0x00000000080005f8                DMA1_CH2_3_DMA2_CH1_2_IRQHandler
                0x00000000080005f8                TIM14_IRQHandler
                0x00000000080005f8                TIM7_IRQHandler
                0x00000000080005f8                TIM15_IRQHandler
                0x00000000080005f8                EXTI0_1_IRQHandler
                0x00000000080005f8                USB_IRQHandler
                0x00000000080005f8                SPI2_IRQHandler
                0x00000000080005f8                DMA1_CH1_IRQHandler
                0x00000000080005f8                SVC_Handler
                0x00000000080005f8                WWDG_IRQHandler
                0x00000000080005f8                TIM2_IRQHandler
                0x00000000080005f8                ADC_COMP_IRQHandler
                0x00000000080005f8                USART2_IRQHandler
                0x00000000080005f8                USART3_4_5_6_7_8_IRQHandler
                0x00000000080005f8                FLASH_IRQHandler
                0x00000000080005f8                USART1_IRQHandler
                0x00000000080005f8                TIM1_BRK_UP_TRG_COM_IRQHandler
 *fill*         0x00000000080005fa        0x2 
 .text.__libc_init_array
                0x00000000080005fc       0x48 c:/software/stm32cubeide_1.9.0/stm32cubeide/plugins/com.st.stm32cube.ide.mcu.externaltools.gnu-tools-for-stm32.10.3-2021.10.win32_1.0.0.202111181127/tools/bin/../lib/gcc/arm-none-eabi/10.3.1/../../../../arm-none-eabi/lib/thumb/v6-m/nofp\libc_nano.a(lib_a-init.o)
                0x00000000080005fc                __libc_init_array
 *(.glue_7)
 .glue_7        0x0000000008000644        0x0 linker stubs
 *(.glue_7t)
 .glue_7t       0x0000000008000644        0x0 linker stubs
 *(.eh_frame)
 .eh_frame      0x0000000008000644        0x0 c:/software/stm32cubeide_1.9.0/stm32cubeide/plugins/com.st.stm32cube.ide.mcu.externaltools.gnu-tools-for-stm32.10.3-2021.10.win32_1.0.0.202111181127/tools/bin/../lib/gcc/arm-none-eabi/10.3.1/thumb/v6-m/nofp/crtbegin.o
 *(.init)
 .init          0x0000000008000644        0x4 c:/software/stm32cubeide_1.9.0/stm32cubeide/plugins/com.st.stm32cube.ide.mcu.externaltools.gnu-tools-for-stm32.10.3-2021.10.win32_1.0.0.202111181127/tools/bin/../lib/gcc/arm-none-eabi/10.3.1/thumb/v6-m/nofp/crti.o
                0x0000000008000644                _init
 .init          0x0000000008000648        0x8 c:/software/stm32cubeide_1.9.0/stm32cubeide/plugins/com.st.stm32cube.ide.mcu.externaltools.gnu-tools-for-stm32.10.3-2021.10.win32_1.0.0.202111181127/tools/bin/../lib/gcc/arm-none-eabi/10.3.1/thumb/v6-m/nofp/crtn.o
 *(.fini)
 .fini          0x0000000008000650        0x4 c:/software/stm32cubeide_1.9.0/stm32cubeide/plugins/com.st.stm32cube.ide.mcu.externaltools.gnu-tools-for-stm32.10.3-2021.10.win32_1.0.0.202111181127/tools/bin/../lib/gcc/arm-none-eabi/10.3.1/thumb/v6-m/nofp/crti.o
                0x0000000008000650                _fini
 .fini          0x0000000008000654        0x8 c:/software/stm32cubeide_1.9.0/stm32cubeide/plugins/com.st.stm32cube.ide.mcu.externaltools.gnu-tools-for-stm32.10.3-2021.10.win32_1.0.0.202111181127/tools/bin/../lib/gcc/arm-none-eabi/10.3.1/thumb/v6-m/nofp/crtn.o
                0x000000000800065c                . = ALIGN (0x4)
                0x000000000800065c                _etext = .

.vfp11_veneer   0x000000000800065c        0x0
 .vfp11_veneer  0x000000000800065c        0x0 linker stubs

.v4_bx          0x000000000800065c        0x0
 .v4_bx         0x000000000800065c        0x0 linker stubs

.iplt           0x000000000800065c        0x0
 .iplt          0x000000000800065c        0x0 c:/software/stm32cubeide_1.9.0/stm32cubeide/plugins/com.st.stm32cube.ide.mcu.externaltools.gnu-tools-for-stm32.10.3-2021.10.win32_1.0.0.202111181127/tools/bin/../lib/gcc/arm-none-eabi/10.3.1/thumb/v6-m/nofp/crtbegin.o

.rodata         0x000000000800065c       0x10
                0x000000000800065c                . = ALIGN (0x4)
 *(.rodata)
 *(.rodata*)
 .rodata.AHBPrescTable
                0x000000000800065c       0x10 ./CMSIS/Src/system_stm32f0xx.o
                0x000000000800065c                AHBPrescTable
                0x000000000800066c                . = ALIGN (0x4)

.rel.dyn        0x000000000800066c        0x0
 .rel.iplt      0x000000000800066c        0x0 c:/software/stm32cubeide_1.9.0/stm32cubeide/plugins/com.st.stm32cube.ide.mcu.externaltools.gnu-tools-for-stm32.10.3-2021.10.win32_1.0.0.202111181127/tools/bin/../lib/gcc/arm-none-eabi/10.3.1/thumb/v6-m/nofp/crtbegin.o

.ARM.extab      0x000000000800066c        0x0
                0x000000000800066c                . = ALIGN (0x4)
 *(.ARM.extab* .gnu.linkonce.armextab.*)
                0x000000000800066c                . = ALIGN (0x4)

.ARM            0x000000000800066c        0x0
                0x000000000800066c                . = ALIGN (0x4)
                0x000000000800066c                __exidx_start = .
 *(.ARM.exidx*)
                0x000000000800066c                __exidx_end = .
                0x000000000800066c                . = ALIGN (0x4)

.preinit_array  0x000000000800066c        0x0
                0x000000000800066c                . = ALIGN (0x4)
                0x000000000800066c                PROVIDE (__preinit_array_start = .)
 *(.preinit_array*)
                0x000000000800066c                PROVIDE (__preinit_array_end = .)
                0x000000000800066c                . = ALIGN (0x4)

.init_array     0x000000000800066c        0x4
                0x000000000800066c                . = ALIGN (0x4)
                0x000000000800066c                PROVIDE (__init_array_start = .)
 *(SORT_BY_NAME(.init_array.*))
 *(.init_array*)
 .init_array    0x000000000800066c        0x4 c:/software/stm32cubeide_1.9.0/stm32cubeide/plugins/com.st.stm32cube.ide.mcu.externaltools.gnu-tools-for-stm32.10.3-2021.10.win32_1.0.0.202111181127/tools/bin/../lib/gcc/arm-none-eabi/10.3.1/thumb/v6-m/nofp/crtbegin.o
                0x0000000008000670                PROVIDE (__init_array_end = .)
                0x0000000008000670                . = ALIGN (0x4)

.fini_array     0x0000000008000670        0x4
                0x0000000008000670                . = ALIGN (0x4)
                [!provide]                        PROVIDE (__fini_array_start = .)
 *(SORT_BY_NAME(.fini_array.*))
 *(.fini_array*)
 .fini_array    0x0000000008000670        0x4 c:/software/stm32cubeide_1.9.0/stm32cubeide/plugins/com.st.stm32cube.ide.mcu.externaltools.gnu-tools-for-stm32.10.3-2021.10.win32_1.0.0.202111181127/tools/bin/../lib/gcc/arm-none-eabi/10.3.1/thumb/v6-m/nofp/crtbegin.o
                [!provide]                        PROVIDE (__fini_array_end = .)
                0x0000000008000674                . = ALIGN (0x4)
                0x0000000008000674                _sidata = LOADADDR (.data)

.data           0x0000000020000000       0x10 load address 0x0000000008000674
                0x0000000020000000                . = ALIGN (0x4)
                0x0000000020000000                _sdata = .
 *(.data)
 *(.data*)
 .data.SystemCoreClock
                0x0000000020000000        0x4 ./CMSIS/Src/system_stm32f0xx.o
                0x0000000020000000                SystemCoreClock
 .data.segmentToPort
                0x0000000020000004        0xa ./Src/segm.o
                0x0000000020000004                segmentToPort
 *(.RamFunc)
 *(.RamFunc*)
                0x0000000020000010                . = ALIGN (0x4)
 *fill*         0x000000002000000e        0x2 
                0x0000000020000010                _edata = .

.igot.plt       0x0000000020000010        0x0 load address 0x0000000008000684
 .igot.plt      0x0000000020000010        0x0 c:/software/stm32cubeide_1.9.0/stm32cubeide/plugins/com.st.stm32cube.ide.mcu.externaltools.gnu-tools-for-stm32.10.3-2021.10.win32_1.0.0.202111181127/tools/bin/../lib/gcc/arm-none-eabi/10.3.1/thumb/v6-m/nofp/crtbegin.o
                0x0000000020000010                . = ALIGN (0x4)

.bss            0x0000000020000010       0x24 load address 0x0000000008000684
                0x0000000020000010                _sbss = .
                0x0000000020000010                __bss_start__ = _sbss
 *(.bss)
 .bss           0x0000000020000010       0x1c c:/software/stm32cubeide_1.9.0/stm32cubeide/plugins/com.st.stm32cube.ide.mcu.externaltools.gnu-tools-for-stm32.10.3-2021.10.win32_1.0.0.202111181127/tools/bin/../lib/gcc/arm-none-eabi/10.3.1/thumb/v6-m/nofp/crtbegin.o
 *(.bss*)
 .bss.ledCounter
                0x000000002000002c        0x1 ./Src/main.o
 *fill*         0x000000002000002d        0x3 
 .bss.showBuffer
                0x0000000020000030        0x4 ./Src/main.o
                0x0000000020000030                showBuffer
 *(COMMON)
                0x0000000020000034                . = ALIGN (0x4)
                0x0000000020000034                _ebss = .
                0x0000000020000034                __bss_end__ = _ebss

._user_heap_stack
                0x0000000020000034      0x604 load address 0x0000000008000684
                0x0000000020000038                . = ALIGN (0x8)
 *fill*         0x0000000020000034        0x4 
                [!provide]                        PROVIDE (end = .)
                [!provide]                        PROVIDE (_end = .)
                0x0000000020000238                . = (. + _Min_Heap_Size)
 *fill*         0x0000000020000038      0x200 
                0x0000000020000638                . = (. + _Min_Stack_Size)
 *fill*         0x0000000020000238      0x400 
                0x0000000020000638                . = ALIGN (0x8)

/DISCARD/
 libc.a(*)
 libm.a(*)
 libgcc.a(*)

.ARM.attributes
                0x0000000000000000       0x28
 *(.ARM.attributes)
 .ARM.attributes
                0x0000000000000000       0x1e c:/software/stm32cubeide_1.9.0/stm32cubeide/plugins/com.st.stm32cube.ide.mcu.externaltools.gnu-tools-for-stm32.10.3-2021.10.win32_1.0.0.202111181127/tools/bin/../lib/gcc/arm-none-eabi/10.3.1/thumb/v6-m/nofp/crti.o
 .ARM.attributes
                0x000000000000001e       0x2c c:/software/stm32cubeide_1.9.0/stm32cubeide/plugins/com.st.stm32cube.ide.mcu.externaltools.gnu-tools-for-stm32.10.3-2021.10.win32_1.0.0.202111181127/tools/bin/../lib/gcc/arm-none-eabi/10.3.1/thumb/v6-m/nofp/crtbegin.o
 .ARM.attributes
                0x000000000000004a       0x2c ./CMSIS/Src/system_stm32f0xx.o
 .ARM.attributes
                0x0000000000000076       0x2c ./Src/main.o
 .ARM.attributes
                0x00000000000000a2       0x2c ./Src/misc.o
 .ARM.attributes
                0x00000000000000ce       0x2c ./Src/segm.o
 .ARM.attributes
                0x00000000000000fa       0x21 ./Startup/startup_stm32f051r8tx.o
 .ARM.attributes
                0x000000000000011b       0x2c c:/software/stm32cubeide_1.9.0/stm32cubeide/plugins/com.st.stm32cube.ide.mcu.externaltools.gnu-tools-for-stm32.10.3-2021.10.win32_1.0.0.202111181127/tools/bin/../lib/gcc/arm-none-eabi/10.3.1/../../../../arm-none-eabi/lib/thumb/v6-m/nofp\libc_nano.a(lib_a-init.o)
 .ARM.attributes
                0x0000000000000147       0x1e c:/software/stm32cubeide_1.9.0/stm32cubeide/plugins/com.st.stm32cube.ide.mcu.externaltools.gnu-tools-for-stm32.10.3-2021.10.win32_1.0.0.202111181127/tools/bin/../lib/gcc/arm-none-eabi/10.3.1/thumb/v6-m/nofp\libgcc.a(_udivsi3.o)
 .ARM.attributes
                0x0000000000000165       0x1e c:/software/stm32cubeide_1.9.0/stm32cubeide/plugins/com.st.stm32cube.ide.mcu.externaltools.gnu-tools-for-stm32.10.3-2021.10.win32_1.0.0.202111181127/tools/bin/../lib/gcc/arm-none-eabi/10.3.1/thumb/v6-m/nofp\libgcc.a(_dvmd_tls.o)
 .ARM.attributes
                0x0000000000000183       0x1e c:/software/stm32cubeide_1.9.0/stm32cubeide/plugins/com.st.stm32cube.ide.mcu.externaltools.gnu-tools-for-stm32.10.3-2021.10.win32_1.0.0.202111181127/tools/bin/../lib/gcc/arm-none-eabi/10.3.1/thumb/v6-m/nofp/crtn.o
OUTPUT(dse-test-task.elf elf32-littlearm)
LOAD linker stubs
LOAD c:/software/stm32cubeide_1.9.0/stm32cubeide/plugins/com.st.stm32cube.ide.mcu.externaltools.gnu-tools-for-stm32.10.3-2021.10.win32_1.0.0.202111181127/tools/bin/../lib/gcc/arm-none-eabi/10.3.1/../../../../arm-none-eabi/lib/thumb/v6-m/nofp\libc.a
LOAD c:/software/stm32cubeide_1.9.0/stm32cubeide/plugins/com.st.stm32cube.ide.mcu.externaltools.gnu-tools-for-stm32.10.3-2021.10.win32_1.0.0.202111181127/tools/bin/../lib/gcc/arm-none-eabi/10.3.1/../../../../arm-none-eabi/lib/thumb/v6-m/nofp\libm.a
LOAD c:/software/stm32cubeide_1.9.0/stm32cubeide/plugins/com.st.stm32cube.ide.mcu.externaltools.gnu-tools-for-stm32.10.3-2021.10.win32_1.0.0.202111181127/tools/bin/../lib/gcc/arm-none-eabi/10.3.1/thumb/v6-m/nofp\libgcc.a

.debug_info     0x0000000000000000      0xb0f
 .debug_info    0x0000000000000000      0x262 ./CMSIS/Src/system_stm32f0xx.o
 .debug_info    0x0000000000000262       0xf6 ./Src/main.o
 .debug_info    0x0000000000000358      0x5e9 ./Src/misc.o
 .debug_info    0x0000000000000941      0x1ac ./Src/segm.o
 .debug_info    0x0000000000000aed       0x22 ./Startup/startup_stm32f051r8tx.o

.debug_abbrev   0x0000000000000000      0x456
 .debug_abbrev  0x0000000000000000      0x116 ./CMSIS/Src/system_stm32f0xx.o
 .debug_abbrev  0x0000000000000116       0xde ./Src/main.o
 .debug_abbrev  0x00000000000001f4      0x16e ./Src/misc.o
 .debug_abbrev  0x0000000000000362       0xe2 ./Src/segm.o
 .debug_abbrev  0x0000000000000444       0x12 ./Startup/startup_stm32f051r8tx.o

.debug_aranges  0x0000000000000000       0xe0
 .debug_aranges
                0x0000000000000000       0x28 ./CMSIS/Src/system_stm32f0xx.o
 .debug_aranges
                0x0000000000000028       0x28 ./Src/main.o
 .debug_aranges
                0x0000000000000050       0x48 ./Src/misc.o
 .debug_aranges
                0x0000000000000098       0x20 ./Src/segm.o
 .debug_aranges
                0x00000000000000b8       0x28 ./Startup/startup_stm32f051r8tx.o

.debug_ranges   0x0000000000000000       0x98
 .debug_ranges  0x0000000000000000       0x18 ./CMSIS/Src/system_stm32f0xx.o
 .debug_ranges  0x0000000000000018       0x18 ./Src/main.o
 .debug_ranges  0x0000000000000030       0x38 ./Src/misc.o
 .debug_ranges  0x0000000000000068       0x10 ./Src/segm.o
 .debug_ranges  0x0000000000000078       0x20 ./Startup/startup_stm32f051r8tx.o

.debug_macro    0x0000000000000000     0xa3cd
 .debug_macro   0x0000000000000000       0xcc ./CMSIS/Src/system_stm32f0xx.o
 .debug_macro   0x00000000000000cc      0xa54 ./CMSIS/Src/system_stm32f0xx.o
 .debug_macro   0x0000000000000b20       0x2e ./CMSIS/Src/system_stm32f0xx.o
 .debug_macro   0x0000000000000b4e       0x22 ./CMSIS/Src/system_stm32f0xx.o
 .debug_macro   0x0000000000000b70       0x22 ./CMSIS/Src/system_stm32f0xx.o
 .debug_macro   0x0000000000000b92       0x8e ./CMSIS/Src/system_stm32f0xx.o
 .debug_macro   0x0000000000000c20       0x51 ./CMSIS/Src/system_stm32f0xx.o
 .debug_macro   0x0000000000000c71      0x103 ./CMSIS/Src/system_stm32f0xx.o
 .debug_macro   0x0000000000000d74       0x6a ./CMSIS/Src/system_stm32f0xx.o
 .debug_macro   0x0000000000000dde      0x1df ./CMSIS/Src/system_stm32f0xx.o
 .debug_macro   0x0000000000000fbd       0x1c ./CMSIS/Src/system_stm32f0xx.o
 .debug_macro   0x0000000000000fd9       0x22 ./CMSIS/Src/system_stm32f0xx.o
 .debug_macro   0x0000000000000ffb       0xaf ./CMSIS/Src/system_stm32f0xx.o
 .debug_macro   0x00000000000010aa      0x391 ./CMSIS/Src/system_stm32f0xx.o
 .debug_macro   0x000000000000143b     0x8cdd ./CMSIS/Src/system_stm32f0xx.o
 .debug_macro   0x000000000000a118       0x3c ./CMSIS/Src/system_stm32f0xx.o
 .debug_macro   0x000000000000a154       0x3d ./Src/main.o
 .debug_macro   0x000000000000a191       0x1c ./Src/main.o
 .debug_macro   0x000000000000a1ad       0x58 ./Src/main.o
 .debug_macro   0x000000000000a205       0xe6 ./Src/misc.o
 .debug_macro   0x000000000000a2eb       0xe2 ./Src/segm.o

.debug_line     0x0000000000000000      0xfad
 .debug_line    0x0000000000000000      0x4b5 ./CMSIS/Src/system_stm32f0xx.o
 .debug_line    0x00000000000004b5       0x90 ./Src/main.o
 .debug_line    0x0000000000000545      0x56b ./Src/misc.o
 .debug_line    0x0000000000000ab0      0x479 ./Src/segm.o
 .debug_line    0x0000000000000f29       0x84 ./Startup/startup_stm32f051r8tx.o

.debug_str      0x0000000000000000    0x36b6b
 .debug_str     0x0000000000000000    0x366ac ./CMSIS/Src/system_stm32f0xx.o
                                      0x3684e (size before relaxing)
 .debug_str     0x00000000000366ac      0x21b ./Src/main.o
                                       0x2e27 (size before relaxing)
 .debug_str     0x00000000000368c7      0x248 ./Src/misc.o
                                      0x36c22 (size before relaxing)
 .debug_str     0x0000000000036b0f       0x2b ./Src/segm.o
                                      0x36929 (size before relaxing)
 .debug_str     0x0000000000036b3a       0x31 ./Startup/startup_stm32f051r8tx.o
                                         0x4d (size before relaxing)

.comment        0x0000000000000000       0x50
 .comment       0x0000000000000000       0x50 ./CMSIS/Src/system_stm32f0xx.o
                                         0x51 (size before relaxing)
 .comment       0x0000000000000050       0x51 ./Src/main.o
 .comment       0x0000000000000050       0x51 ./Src/misc.o
 .comment       0x0000000000000050       0x51 ./Src/segm.o

.debug_frame    0x0000000000000000      0x1d0
 .debug_frame   0x0000000000000000       0x4c ./CMSIS/Src/system_stm32f0xx.o
 .debug_frame   0x000000000000004c       0x48 ./Src/main.o
 .debug_frame   0x0000000000000094       0xc0 ./Src/misc.o
 .debug_frame   0x0000000000000154       0x30 ./Src/segm.o
 .debug_frame   0x0000000000000184       0x2c c:/software/stm32cubeide_1.9.0/stm32cubeide/plugins/com.st.stm32cube.ide.mcu.externaltools.gnu-tools-for-stm32.10.3-2021.10.win32_1.0.0.202111181127/tools/bin/../lib/gcc/arm-none-eabi/10.3.1/../../../../arm-none-eabi/lib/thumb/v6-m/nofp\libc_nano.a(lib_a-init.o)
 .debug_frame   0x00000000000001b0       0x20 c:/software/stm32cubeide_1.9.0/stm32cubeide/plugins/com.st.stm32cube.ide.mcu.externaltools.gnu-tools-for-stm32.10.3-2021.10.win32_1.0.0.202111181127/tools/bin/../lib/gcc/arm-none-eabi/10.3.1/thumb/v6-m/nofp\libgcc.a(_udivsi3.o)
