Archive member included to satisfy reference by file (symbol)

c:/software/stm32cubeide_1.9.0/stm32cubeide/plugins/com.st.stm32cube.ide.mcu.externaltools.gnu-tools-for-stm32.10.3-2021.10.win32_1.0.0.202111181127/tools/bin/../lib/gcc/arm-none-eabi/10.3.1/../../../../arm-none-eabi/lib/thumb/v6-m/nofp\libc_nano.a(lib_a-exit.o)
                              c:/software/stm32cubeide_1.9.0/stm32cubeide/plugins/com.st.stm32cube.ide.mcu.externaltools.gnu-tools-for-stm32.10.3-2021.10.win32_1.0.0.202111181127/tools/bin/../lib/gcc/arm-none-eabi/10.3.1/../../../../arm-none-eabi/lib/thumb/v6-m/nofp/crt0.o (exit)
c:/software/stm32cubeide_1.9.0/stm32cubeide/plugins/com.st.stm32cube.ide.mcu.externaltools.gnu-tools-for-stm32.10.3-2021.10.win32_1.0.0.202111181127/tools/bin/../lib/gcc/arm-none-eabi/10.3.1/../../../../arm-none-eabi/lib/thumb/v6-m/nofp\libc_nano.a(lib_a-impure.o)
                              c:/software/stm32cubeide_1.9.0/stm32cubeide/plugins/com.st.stm32cube.ide.mcu.externaltools.gnu-tools-for-stm32.10.3-2021.10.win32_1.0.0.202111181127/tools/bin/../lib/gcc/arm-none-eabi/10.3.1/../../../../arm-none-eabi/lib/thumb/v6-m/nofp\libc_nano.a(lib_a-exit.o) (_global_impure_ptr)
c:/software/stm32cubeide_1.9.0/stm32cubeide/plugins/com.st.stm32cube.ide.mcu.externaltools.gnu-tools-for-stm32.10.3-2021.10.win32_1.0.0.202111181127/tools/bin/../lib/gcc/arm-none-eabi/10.3.1/../../../../arm-none-eabi/lib/thumb/v6-m/nofp\libc_nano.a(lib_a-init.o)
                              c:/software/stm32cubeide_1.9.0/stm32cubeide/plugins/com.st.stm32cube.ide.mcu.externaltools.gnu-tools-for-stm32.10.3-2021.10.win32_1.0.0.202111181127/tools/bin/../lib/gcc/arm-none-eabi/10.3.1/../../../../arm-none-eabi/lib/thumb/v6-m/nofp/crt0.o (__libc_init_array)
c:/software/stm32cubeide_1.9.0/stm32cubeide/plugins/com.st.stm32cube.ide.mcu.externaltools.gnu-tools-for-stm32.10.3-2021.10.win32_1.0.0.202111181127/tools/bin/../lib/gcc/arm-none-eabi/10.3.1/../../../../arm-none-eabi/lib/thumb/v6-m/nofp\libc_nano.a(lib_a-memset.o)
                              c:/software/stm32cubeide_1.9.0/stm32cubeide/plugins/com.st.stm32cube.ide.mcu.externaltools.gnu-tools-for-stm32.10.3-2021.10.win32_1.0.0.202111181127/tools/bin/../lib/gcc/arm-none-eabi/10.3.1/../../../../arm-none-eabi/lib/thumb/v6-m/nofp/crt0.o (memset)
c:/software/stm32cubeide_1.9.0/stm32cubeide/plugins/com.st.stm32cube.ide.mcu.externaltools.gnu-tools-for-stm32.10.3-2021.10.win32_1.0.0.202111181127/tools/bin/../lib/gcc/arm-none-eabi/10.3.1/thumb/v6-m/nofp\libgcc.a(_udivsi3.o)
                              ./CMSIS/Src/system_stm32f0xx.o (__aeabi_uidiv)
c:/software/stm32cubeide_1.9.0/stm32cubeide/plugins/com.st.stm32cube.ide.mcu.externaltools.gnu-tools-for-stm32.10.3-2021.10.win32_1.0.0.202111181127/tools/bin/../lib/gcc/arm-none-eabi/10.3.1/thumb/v6-m/nofp\libgcc.a(_divsi3.o)
                              ./Src/main.o (__aeabi_idiv)
c:/software/stm32cubeide_1.9.0/stm32cubeide/plugins/com.st.stm32cube.ide.mcu.externaltools.gnu-tools-for-stm32.10.3-2021.10.win32_1.0.0.202111181127/tools/bin/../lib/gcc/arm-none-eabi/10.3.1/thumb/v6-m/nofp\libgcc.a(_dvmd_tls.o)
                              c:/software/stm32cubeide_1.9.0/stm32cubeide/plugins/com.st.stm32cube.ide.mcu.externaltools.gnu-tools-for-stm32.10.3-2021.10.win32_1.0.0.202111181127/tools/bin/../lib/gcc/arm-none-eabi/10.3.1/thumb/v6-m/nofp\libgcc.a(_udivsi3.o) (__aeabi_idiv0)
c:/software/stm32cubeide_1.9.0/stm32cubeide/plugins/com.st.stm32cube.ide.mcu.externaltools.gnu-tools-for-stm32.10.3-2021.10.win32_1.0.0.202111181127/tools/bin/../lib/gcc/arm-none-eabi/10.3.1/../../../../arm-none-eabi/lib/thumb/v6-m/nofp\libnosys.a(_exit.o)
                              c:/software/stm32cubeide_1.9.0/stm32cubeide/plugins/com.st.stm32cube.ide.mcu.externaltools.gnu-tools-for-stm32.10.3-2021.10.win32_1.0.0.202111181127/tools/bin/../lib/gcc/arm-none-eabi/10.3.1/../../../../arm-none-eabi/lib/thumb/v6-m/nofp\libc_nano.a(lib_a-exit.o) (_exit)

Discarded input sections

 .text          0x0000000000000000        0x0 c:/software/stm32cubeide_1.9.0/stm32cubeide/plugins/com.st.stm32cube.ide.mcu.externaltools.gnu-tools-for-stm32.10.3-2021.10.win32_1.0.0.202111181127/tools/bin/../lib/gcc/arm-none-eabi/10.3.1/thumb/v6-m/nofp/crti.o
 .data          0x0000000000000000        0x0 c:/software/stm32cubeide_1.9.0/stm32cubeide/plugins/com.st.stm32cube.ide.mcu.externaltools.gnu-tools-for-stm32.10.3-2021.10.win32_1.0.0.202111181127/tools/bin/../lib/gcc/arm-none-eabi/10.3.1/thumb/v6-m/nofp/crti.o
 .bss           0x0000000000000000        0x0 c:/software/stm32cubeide_1.9.0/stm32cubeide/plugins/com.st.stm32cube.ide.mcu.externaltools.gnu-tools-for-stm32.10.3-2021.10.win32_1.0.0.202111181127/tools/bin/../lib/gcc/arm-none-eabi/10.3.1/thumb/v6-m/nofp/crti.o
 .data          0x0000000000000000        0x4 c:/software/stm32cubeide_1.9.0/stm32cubeide/plugins/com.st.stm32cube.ide.mcu.externaltools.gnu-tools-for-stm32.10.3-2021.10.win32_1.0.0.202111181127/tools/bin/../lib/gcc/arm-none-eabi/10.3.1/thumb/v6-m/nofp/crtbegin.o
 .rodata        0x0000000000000000       0x24 c:/software/stm32cubeide_1.9.0/stm32cubeide/plugins/com.st.stm32cube.ide.mcu.externaltools.gnu-tools-for-stm32.10.3-2021.10.win32_1.0.0.202111181127/tools/bin/../lib/gcc/arm-none-eabi/10.3.1/thumb/v6-m/nofp/crtbegin.o
 .text          0x0000000000000000       0x80 c:/software/stm32cubeide_1.9.0/stm32cubeide/plugins/com.st.stm32cube.ide.mcu.externaltools.gnu-tools-for-stm32.10.3-2021.10.win32_1.0.0.202111181127/tools/bin/../lib/gcc/arm-none-eabi/10.3.1/../../../../arm-none-eabi/lib/thumb/v6-m/nofp/crt0.o
 .data          0x0000000000000000        0x0 c:/software/stm32cubeide_1.9.0/stm32cubeide/plugins/com.st.stm32cube.ide.mcu.externaltools.gnu-tools-for-stm32.10.3-2021.10.win32_1.0.0.202111181127/tools/bin/../lib/gcc/arm-none-eabi/10.3.1/../../../../arm-none-eabi/lib/thumb/v6-m/nofp/crt0.o
 .bss           0x0000000000000000        0x0 c:/software/stm32cubeide_1.9.0/stm32cubeide/plugins/com.st.stm32cube.ide.mcu.externaltools.gnu-tools-for-stm32.10.3-2021.10.win32_1.0.0.202111181127/tools/bin/../lib/gcc/arm-none-eabi/10.3.1/../../../../arm-none-eabi/lib/thumb/v6-m/nofp/crt0.o
 .ARM.extab     0x0000000000000000        0x0 c:/software/stm32cubeide_1.9.0/stm32cubeide/plugins/com.st.stm32cube.ide.mcu.externaltools.gnu-tools-for-stm32.10.3-2021.10.win32_1.0.0.202111181127/tools/bin/../lib/gcc/arm-none-eabi/10.3.1/../../../../arm-none-eabi/lib/thumb/v6-m/nofp/crt0.o
 .ARM.exidx     0x0000000000000000       0x10 c:/software/stm32cubeide_1.9.0/stm32cubeide/plugins/com.st.stm32cube.ide.mcu.externaltools.gnu-tools-for-stm32.10.3-2021.10.win32_1.0.0.202111181127/tools/bin/../lib/gcc/arm-none-eabi/10.3.1/../../../../arm-none-eabi/lib/thumb/v6-m/nofp/crt0.o
 .ARM.attributes
                0x0000000000000000       0x1b c:/software/stm32cubeide_1.9.0/stm32cubeide/plugins/com.st.stm32cube.ide.mcu.externaltools.gnu-tools-for-stm32.10.3-2021.10.win32_1.0.0.202111181127/tools/bin/../lib/gcc/arm-none-eabi/10.3.1/../../../../arm-none-eabi/lib/thumb/v6-m/nofp/crt0.o
 .group         0x0000000000000000        0xc ./CMSIS/Src/system_stm32f0xx.o
 .group         0x0000000000000000        0xc ./CMSIS/Src/system_stm32f0xx.o
 .group         0x0000000000000000        0xc ./CMSIS/Src/system_stm32f0xx.o
 .group         0x0000000000000000        0xc ./CMSIS/Src/system_stm32f0xx.o
 .group         0x0000000000000000        0xc ./CMSIS/Src/system_stm32f0xx.o
 .group         0x0000000000000000        0xc ./CMSIS/Src/system_stm32f0xx.o
 .group         0x0000000000000000        0xc ./CMSIS/Src/system_stm32f0xx.o
 .group         0x0000000000000000        0xc ./CMSIS/Src/system_stm32f0xx.o
 .group         0x0000000000000000        0xc ./CMSIS/Src/system_stm32f0xx.o
 .group         0x0000000000000000        0xc ./CMSIS/Src/system_stm32f0xx.o
 .group         0x0000000000000000        0xc ./CMSIS/Src/system_stm32f0xx.o
 .group         0x0000000000000000        0xc ./CMSIS/Src/system_stm32f0xx.o
 .group         0x0000000000000000        0xc ./CMSIS/Src/system_stm32f0xx.o
 .group         0x0000000000000000        0xc ./CMSIS/Src/system_stm32f0xx.o
 .group         0x0000000000000000        0xc ./CMSIS/Src/system_stm32f0xx.o
 .text          0x0000000000000000        0x0 ./CMSIS/Src/system_stm32f0xx.o
 .data          0x0000000000000000        0x0 ./CMSIS/Src/system_stm32f0xx.o
 .bss           0x0000000000000000        0x0 ./CMSIS/Src/system_stm32f0xx.o
 .rodata.APBPrescTable
                0x0000000000000000        0x8 ./CMSIS/Src/system_stm32f0xx.o
 .group         0x0000000000000000        0xc ./Src/application.o
 .group         0x0000000000000000        0xc ./Src/application.o
 .group         0x0000000000000000        0xc ./Src/application.o
 .group         0x0000000000000000        0xc ./Src/application.o
 .group         0x0000000000000000        0xc ./Src/application.o
 .group         0x0000000000000000        0xc ./Src/application.o
 .group         0x0000000000000000        0xc ./Src/application.o
 .group         0x0000000000000000        0xc ./Src/application.o
 .group         0x0000000000000000        0xc ./Src/application.o
 .group         0x0000000000000000        0xc ./Src/application.o
 .group         0x0000000000000000        0xc ./Src/application.o
 .group         0x0000000000000000        0xc ./Src/application.o
 .group         0x0000000000000000        0xc ./Src/application.o
 .group         0x0000000000000000        0xc ./Src/application.o
 .group         0x0000000000000000        0xc ./Src/application.o
 .group         0x0000000000000000        0xc ./Src/application.o
 .group         0x0000000000000000        0xc ./Src/application.o
 .group         0x0000000000000000        0xc ./Src/application.o
 .group         0x0000000000000000        0xc ./Src/application.o
 .group         0x0000000000000000        0xc ./Src/application.o
 .group         0x0000000000000000        0xc ./Src/application.o
 .group         0x0000000000000000        0xc ./Src/application.o
 .group         0x0000000000000000        0xc ./Src/application.o
 .group         0x0000000000000000        0xc ./Src/application.o
 .group         0x0000000000000000        0xc ./Src/application.o
 .group         0x0000000000000000        0xc ./Src/application.o
 .group         0x0000000000000000        0xc ./Src/application.o
 .group         0x0000000000000000        0xc ./Src/application.o
 .group         0x0000000000000000        0xc ./Src/application.o
 .group         0x0000000000000000        0xc ./Src/application.o
 .group         0x0000000000000000        0xc ./Src/application.o
 .group         0x0000000000000000        0xc ./Src/application.o
 .group         0x0000000000000000        0xc ./Src/application.o
 .group         0x0000000000000000        0xc ./Src/application.o
 .group         0x0000000000000000        0xc ./Src/application.o
 .group         0x0000000000000000        0xc ./Src/application.o
 .group         0x0000000000000000        0xc ./Src/application.o
 .text          0x0000000000000000        0x0 ./Src/application.o
 .data          0x0000000000000000        0x0 ./Src/application.o
 .bss           0x0000000000000000        0x0 ./Src/application.o
 .debug_macro   0x0000000000000000      0xa54 ./Src/application.o
 .debug_macro   0x0000000000000000       0x22 ./Src/application.o
 .debug_macro   0x0000000000000000       0x2e ./Src/application.o
 .debug_macro   0x0000000000000000       0x22 ./Src/application.o
 .debug_macro   0x0000000000000000      0x103 ./Src/application.o
 .debug_macro   0x0000000000000000       0x6a ./Src/application.o
 .debug_macro   0x0000000000000000      0x1df ./Src/application.o
 .debug_macro   0x0000000000000000       0x1c ./Src/application.o
 .debug_macro   0x0000000000000000       0x22 ./Src/application.o
 .debug_macro   0x0000000000000000       0xaf ./Src/application.o
 .debug_macro   0x0000000000000000      0x391 ./Src/application.o
 .debug_macro   0x0000000000000000     0x8cdd ./Src/application.o
 .debug_macro   0x0000000000000000       0x3c ./Src/application.o
 .group         0x0000000000000000        0xc ./Src/main.o
 .group         0x0000000000000000        0xc ./Src/main.o
 .group         0x0000000000000000        0xc ./Src/main.o
 .group         0x0000000000000000        0xc ./Src/main.o
 .group         0x0000000000000000        0xc ./Src/main.o
 .group         0x0000000000000000        0xc ./Src/main.o
 .group         0x0000000000000000        0xc ./Src/main.o
 .group         0x0000000000000000        0xc ./Src/main.o
 .group         0x0000000000000000        0xc ./Src/main.o
 .group         0x0000000000000000        0xc ./Src/main.o
 .group         0x0000000000000000        0xc ./Src/main.o
 .group         0x0000000000000000        0xc ./Src/main.o
 .group         0x0000000000000000        0xc ./Src/main.o
 .group         0x0000000000000000        0xc ./Src/main.o
 .group         0x0000000000000000        0xc ./Src/main.o
 .group         0x0000000000000000        0xc ./Src/main.o
 .group         0x0000000000000000        0xc ./Src/main.o
 .group         0x0000000000000000        0xc ./Src/main.o
 .group         0x0000000000000000        0xc ./Src/main.o
 .group         0x0000000000000000        0xc ./Src/main.o
 .group         0x0000000000000000        0xc ./Src/main.o
 .group         0x0000000000000000        0xc ./Src/main.o
 .group         0x0000000000000000        0xc ./Src/main.o
 .group         0x0000000000000000        0xc ./Src/main.o
 .group         0x0000000000000000        0xc ./Src/main.o
 .group         0x0000000000000000        0xc ./Src/main.o
 .group         0x0000000000000000        0xc ./Src/main.o
 .group         0x0000000000000000        0xc ./Src/main.o
 .group         0x0000000000000000        0xc ./Src/main.o
 .group         0x0000000000000000        0xc ./Src/main.o
 .group         0x0000000000000000        0xc ./Src/main.o
 .group         0x0000000000000000        0xc ./Src/main.o
 .group         0x0000000000000000        0xc ./Src/main.o
 .group         0x0000000000000000        0xc ./Src/main.o
 .group         0x0000000000000000        0xc ./Src/main.o
 .group         0x0000000000000000        0xc ./Src/main.o
 .group         0x0000000000000000        0xc ./Src/main.o
 .group         0x0000000000000000        0xc ./Src/main.o
 .text          0x0000000000000000        0x0 ./Src/main.o
 .data          0x0000000000000000        0x0 ./Src/main.o
 .bss           0x0000000000000000        0x0 ./Src/main.o
 .debug_macro   0x0000000000000000      0xa54 ./Src/main.o
 .debug_macro   0x0000000000000000       0x1c ./Src/main.o
 .debug_macro   0x0000000000000000       0x22 ./Src/main.o
 .debug_macro   0x0000000000000000       0x4c ./Src/main.o
 .debug_macro   0x0000000000000000       0x18 ./Src/main.o
 .debug_macro   0x0000000000000000       0x94 ./Src/main.o
 .debug_macro   0x0000000000000000       0x3c ./Src/main.o
 .debug_macro   0x0000000000000000       0x34 ./Src/main.o
 .debug_macro   0x0000000000000000      0x174 ./Src/main.o
 .debug_macro   0x0000000000000000       0x16 ./Src/main.o
 .debug_macro   0x0000000000000000       0x43 ./Src/main.o
 .debug_macro   0x0000000000000000       0x57 ./Src/main.o
 .debug_macro   0x0000000000000000       0x34 ./Src/main.o
 .debug_macro   0x0000000000000000       0x10 ./Src/main.o
 .debug_macro   0x0000000000000000       0x58 ./Src/main.o
 .debug_macro   0x0000000000000000       0x71 ./Src/main.o
 .debug_macro   0x0000000000000000       0x1c ./Src/main.o
 .debug_macro   0x0000000000000000      0x12a ./Src/main.o
 .debug_macro   0x0000000000000000      0x341 ./Src/main.o
 .debug_macro   0x0000000000000000       0x10 ./Src/main.o
 .debug_macro   0x0000000000000000       0x35 ./Src/main.o
 .debug_macro   0x0000000000000000       0x20 ./Src/main.o
 .debug_macro   0x0000000000000000       0x16 ./Src/main.o
 .debug_macro   0x0000000000000000       0x22 ./Src/main.o
 .debug_macro   0x0000000000000000       0x73 ./Src/main.o
 .debug_macro   0x0000000000000000       0x2e ./Src/main.o
 .debug_macro   0x0000000000000000       0x22 ./Src/main.o
 .debug_macro   0x0000000000000000      0x103 ./Src/main.o
 .debug_macro   0x0000000000000000       0x6a ./Src/main.o
 .debug_macro   0x0000000000000000      0x1df ./Src/main.o
 .debug_macro   0x0000000000000000       0x1c ./Src/main.o
 .debug_macro   0x0000000000000000       0x22 ./Src/main.o
 .debug_macro   0x0000000000000000       0xaf ./Src/main.o
 .debug_macro   0x0000000000000000      0x391 ./Src/main.o
 .debug_macro   0x0000000000000000     0x8cdd ./Src/main.o
 .debug_macro   0x0000000000000000       0x3c ./Src/main.o
 .debug_macro   0x0000000000000000       0x46 ./Src/main.o
 .group         0x0000000000000000        0xc ./Src/misc.o
 .group         0x0000000000000000        0xc ./Src/misc.o
 .group         0x0000000000000000        0xc ./Src/misc.o
 .group         0x0000000000000000        0xc ./Src/misc.o
 .group         0x0000000000000000        0xc ./Src/misc.o
 .group         0x0000000000000000        0xc ./Src/misc.o
 .group         0x0000000000000000        0xc ./Src/misc.o
 .group         0x0000000000000000        0xc ./Src/misc.o
 .group         0x0000000000000000        0xc ./Src/misc.o
 .group         0x0000000000000000        0xc ./Src/misc.o
 .group         0x0000000000000000        0xc ./Src/misc.o
 .group         0x0000000000000000        0xc ./Src/misc.o
 .group         0x0000000000000000        0xc ./Src/misc.o
 .group         0x0000000000000000        0xc ./Src/misc.o
 .group         0x0000000000000000        0xc ./Src/misc.o
 .group         0x0000000000000000        0xc ./Src/misc.o
 .group         0x0000000000000000        0xc ./Src/misc.o
 .group         0x0000000000000000        0xc ./Src/misc.o
 .group         0x0000000000000000        0xc ./Src/misc.o
 .group         0x0000000000000000        0xc ./Src/misc.o
 .group         0x0000000000000000        0xc ./Src/misc.o
 .group         0x0000000000000000        0xc ./Src/misc.o
 .group         0x0000000000000000        0xc ./Src/misc.o
 .group         0x0000000000000000        0xc ./Src/misc.o
 .group         0x0000000000000000        0xc ./Src/misc.o
 .group         0x0000000000000000        0xc ./Src/misc.o
 .group         0x0000000000000000        0xc ./Src/misc.o
 .group         0x0000000000000000        0xc ./Src/misc.o
 .group         0x0000000000000000        0xc ./Src/misc.o
 .group         0x0000000000000000        0xc ./Src/misc.o
 .group         0x0000000000000000        0xc ./Src/misc.o
 .group         0x0000000000000000        0xc ./Src/misc.o
 .group         0x0000000000000000        0xc ./Src/misc.o
 .group         0x0000000000000000        0xc ./Src/misc.o
 .group         0x0000000000000000        0xc ./Src/misc.o
 .text          0x0000000000000000        0x0 ./Src/misc.o
 .data          0x0000000000000000        0x0 ./Src/misc.o
 .bss           0x0000000000000000        0x0 ./Src/misc.o
 .debug_macro   0x0000000000000000      0xa54 ./Src/misc.o
 .debug_macro   0x0000000000000000       0x2e ./Src/misc.o
 .debug_macro   0x0000000000000000       0x22 ./Src/misc.o
 .debug_macro   0x0000000000000000       0x22 ./Src/misc.o
 .debug_macro   0x0000000000000000       0x8e ./Src/misc.o
 .debug_macro   0x0000000000000000       0x51 ./Src/misc.o
 .debug_macro   0x0000000000000000      0x103 ./Src/misc.o
 .debug_macro   0x0000000000000000       0x6a ./Src/misc.o
 .debug_macro   0x0000000000000000      0x1df ./Src/misc.o
 .debug_macro   0x0000000000000000       0x1c ./Src/misc.o
 .debug_macro   0x0000000000000000       0x22 ./Src/misc.o
 .debug_macro   0x0000000000000000       0xaf ./Src/misc.o
 .debug_macro   0x0000000000000000      0x391 ./Src/misc.o
 .debug_macro   0x0000000000000000     0x8cdd ./Src/misc.o
 .debug_macro   0x0000000000000000       0x3c ./Src/misc.o
 .debug_macro   0x0000000000000000       0x1c ./Src/misc.o
 .debug_macro   0x0000000000000000       0x18 ./Src/misc.o
 .debug_macro   0x0000000000000000       0x3c ./Src/misc.o
 .debug_macro   0x0000000000000000       0x34 ./Src/misc.o
 .debug_macro   0x0000000000000000      0x174 ./Src/misc.o
 .debug_macro   0x0000000000000000       0x16 ./Src/misc.o
 .debug_macro   0x0000000000000000       0x43 ./Src/misc.o
 .debug_macro   0x0000000000000000       0x34 ./Src/misc.o
 .debug_macro   0x0000000000000000       0x10 ./Src/misc.o
 .debug_macro   0x0000000000000000       0x58 ./Src/misc.o
 .debug_macro   0x0000000000000000       0x71 ./Src/misc.o
 .debug_macro   0x0000000000000000       0x1c ./Src/misc.o
 .debug_macro   0x0000000000000000      0x12a ./Src/misc.o
 .debug_macro   0x0000000000000000      0x341 ./Src/misc.o
 .debug_macro   0x0000000000000000       0x10 ./Src/misc.o
 .debug_macro   0x0000000000000000       0x35 ./Src/misc.o
 .debug_macro   0x0000000000000000       0x20 ./Src/misc.o
 .debug_macro   0x0000000000000000       0x16 ./Src/misc.o
 .debug_macro   0x0000000000000000       0x58 ./Src/misc.o
 .group         0x0000000000000000        0xc ./Src/onewire.o
 .group         0x0000000000000000        0xc ./Src/onewire.o
 .group         0x0000000000000000        0xc ./Src/onewire.o
 .group         0x0000000000000000        0xc ./Src/onewire.o
 .group         0x0000000000000000        0xc ./Src/onewire.o
 .group         0x0000000000000000        0xc ./Src/onewire.o
 .group         0x0000000000000000        0xc ./Src/onewire.o
 .group         0x0000000000000000        0xc ./Src/onewire.o
 .group         0x0000000000000000        0xc ./Src/onewire.o
 .group         0x0000000000000000        0xc ./Src/onewire.o
 .group         0x0000000000000000        0xc ./Src/onewire.o
 .group         0x0000000000000000        0xc ./Src/onewire.o
 .group         0x0000000000000000        0xc ./Src/onewire.o
 .group         0x0000000000000000        0xc ./Src/onewire.o
 .group         0x0000000000000000        0xc ./Src/onewire.o
 .group         0x0000000000000000        0xc ./Src/onewire.o
 .group         0x0000000000000000        0xc ./Src/onewire.o
 .group         0x0000000000000000        0xc ./Src/onewire.o
 .group         0x0000000000000000        0xc ./Src/onewire.o
 .group         0x0000000000000000        0xc ./Src/onewire.o
 .group         0x0000000000000000        0xc ./Src/onewire.o
 .group         0x0000000000000000        0xc ./Src/onewire.o
 .group         0x0000000000000000        0xc ./Src/onewire.o
 .group         0x0000000000000000        0xc ./Src/onewire.o
 .group         0x0000000000000000        0xc ./Src/onewire.o
 .group         0x0000000000000000        0xc ./Src/onewire.o
 .group         0x0000000000000000        0xc ./Src/onewire.o
 .group         0x0000000000000000        0xc ./Src/onewire.o
 .group         0x0000000000000000        0xc ./Src/onewire.o
 .group         0x0000000000000000        0xc ./Src/onewire.o
 .group         0x0000000000000000        0xc ./Src/onewire.o
 .group         0x0000000000000000        0xc ./Src/onewire.o
 .group         0x0000000000000000        0xc ./Src/onewire.o
 .group         0x0000000000000000        0xc ./Src/onewire.o
 .group         0x0000000000000000        0xc ./Src/onewire.o
 .group         0x0000000000000000        0xc ./Src/onewire.o
 .group         0x0000000000000000        0xc ./Src/onewire.o
 .text          0x0000000000000000        0x0 ./Src/onewire.o
 .data          0x0000000000000000        0x0 ./Src/onewire.o
 .bss           0x0000000000000000        0x0 ./Src/onewire.o
 .debug_macro   0x0000000000000000      0xa54 ./Src/onewire.o
 .debug_macro   0x0000000000000000       0x1c ./Src/onewire.o
 .debug_macro   0x0000000000000000       0x22 ./Src/onewire.o
 .debug_macro   0x0000000000000000       0x4c ./Src/onewire.o
 .debug_macro   0x0000000000000000       0x18 ./Src/onewire.o
 .debug_macro   0x0000000000000000       0x94 ./Src/onewire.o
 .debug_macro   0x0000000000000000       0x3c ./Src/onewire.o
 .debug_macro   0x0000000000000000       0x34 ./Src/onewire.o
 .debug_macro   0x0000000000000000      0x174 ./Src/onewire.o
 .debug_macro   0x0000000000000000       0x16 ./Src/onewire.o
 .debug_macro   0x0000000000000000       0x43 ./Src/onewire.o
 .debug_macro   0x0000000000000000       0x57 ./Src/onewire.o
 .debug_macro   0x0000000000000000       0x34 ./Src/onewire.o
 .debug_macro   0x0000000000000000       0x10 ./Src/onewire.o
 .debug_macro   0x0000000000000000       0x58 ./Src/onewire.o
 .debug_macro   0x0000000000000000       0x71 ./Src/onewire.o
 .debug_macro   0x0000000000000000       0x1c ./Src/onewire.o
 .debug_macro   0x0000000000000000      0x12a ./Src/onewire.o
 .debug_macro   0x0000000000000000      0x341 ./Src/onewire.o
 .debug_macro   0x0000000000000000       0x10 ./Src/onewire.o
 .debug_macro   0x0000000000000000       0x35 ./Src/onewire.o
 .debug_macro   0x0000000000000000       0x20 ./Src/onewire.o
 .debug_macro   0x0000000000000000       0x16 ./Src/onewire.o
 .debug_macro   0x0000000000000000       0x22 ./Src/onewire.o
 .debug_macro   0x0000000000000000       0x73 ./Src/onewire.o
 .debug_macro   0x0000000000000000       0x2e ./Src/onewire.o
 .debug_macro   0x0000000000000000       0x22 ./Src/onewire.o
 .debug_macro   0x0000000000000000      0x103 ./Src/onewire.o
 .debug_macro   0x0000000000000000       0x6a ./Src/onewire.o
 .debug_macro   0x0000000000000000      0x1df ./Src/onewire.o
 .debug_macro   0x0000000000000000       0x1c ./Src/onewire.o
 .debug_macro   0x0000000000000000       0x22 ./Src/onewire.o
 .debug_macro   0x0000000000000000       0xaf ./Src/onewire.o
 .debug_macro   0x0000000000000000      0x391 ./Src/onewire.o
 .debug_macro   0x0000000000000000     0x8cdd ./Src/onewire.o
 .debug_macro   0x0000000000000000       0x3c ./Src/onewire.o
 .debug_macro   0x0000000000000000       0x46 ./Src/onewire.o
 .group         0x0000000000000000        0xc ./Src/segm.o
 .group         0x0000000000000000        0xc ./Src/segm.o
 .group         0x0000000000000000        0xc ./Src/segm.o
 .group         0x0000000000000000        0xc ./Src/segm.o
 .group         0x0000000000000000        0xc ./Src/segm.o
 .group         0x0000000000000000        0xc ./Src/segm.o
 .group         0x0000000000000000        0xc ./Src/segm.o
 .group         0x0000000000000000        0xc ./Src/segm.o
 .group         0x0000000000000000        0xc ./Src/segm.o
 .group         0x0000000000000000        0xc ./Src/segm.o
 .group         0x0000000000000000        0xc ./Src/segm.o
 .group         0x0000000000000000        0xc ./Src/segm.o
 .group         0x0000000000000000        0xc ./Src/segm.o
 .group         0x0000000000000000        0xc ./Src/segm.o
 .group         0x0000000000000000        0xc ./Src/segm.o
 .group         0x0000000000000000        0xc ./Src/segm.o
 .group         0x0000000000000000        0xc ./Src/segm.o
 .group         0x0000000000000000        0xc ./Src/segm.o
 .group         0x0000000000000000        0xc ./Src/segm.o
 .group         0x0000000000000000        0xc ./Src/segm.o
 .group         0x0000000000000000        0xc ./Src/segm.o
 .group         0x0000000000000000        0xc ./Src/segm.o
 .group         0x0000000000000000        0xc ./Src/segm.o
 .group         0x0000000000000000        0xc ./Src/segm.o
 .group         0x0000000000000000        0xc ./Src/segm.o
 .group         0x0000000000000000        0xc ./Src/segm.o
 .group         0x0000000000000000        0xc ./Src/segm.o
 .group         0x0000000000000000        0xc ./Src/segm.o
 .group         0x0000000000000000        0xc ./Src/segm.o
 .group         0x0000000000000000        0xc ./Src/segm.o
 .group         0x0000000000000000        0xc ./Src/segm.o
 .group         0x0000000000000000        0xc ./Src/segm.o
 .group         0x0000000000000000        0xc ./Src/segm.o
 .group         0x0000000000000000        0xc ./Src/segm.o
 .group         0x0000000000000000        0xc ./Src/segm.o
 .text          0x0000000000000000        0x0 ./Src/segm.o
 .data          0x0000000000000000        0x0 ./Src/segm.o
 .bss           0x0000000000000000        0x0 ./Src/segm.o
 .debug_macro   0x0000000000000000      0xa54 ./Src/segm.o
 .debug_macro   0x0000000000000000       0x1c ./Src/segm.o
 .debug_macro   0x0000000000000000       0x22 ./Src/segm.o
 .debug_macro   0x0000000000000000       0x4c ./Src/segm.o
 .debug_macro   0x0000000000000000       0x18 ./Src/segm.o
 .debug_macro   0x0000000000000000       0x94 ./Src/segm.o
 .debug_macro   0x0000000000000000       0x3c ./Src/segm.o
 .debug_macro   0x0000000000000000       0x34 ./Src/segm.o
 .debug_macro   0x0000000000000000      0x174 ./Src/segm.o
 .debug_macro   0x0000000000000000       0x16 ./Src/segm.o
 .debug_macro   0x0000000000000000       0x43 ./Src/segm.o
 .debug_macro   0x0000000000000000       0x57 ./Src/segm.o
 .debug_macro   0x0000000000000000       0x34 ./Src/segm.o
 .debug_macro   0x0000000000000000       0x10 ./Src/segm.o
 .debug_macro   0x0000000000000000       0x58 ./Src/segm.o
 .debug_macro   0x0000000000000000       0x71 ./Src/segm.o
 .debug_macro   0x0000000000000000       0x1c ./Src/segm.o
 .debug_macro   0x0000000000000000      0x12a ./Src/segm.o
 .debug_macro   0x0000000000000000      0x341 ./Src/segm.o
 .debug_macro   0x0000000000000000       0x10 ./Src/segm.o
 .debug_macro   0x0000000000000000       0x35 ./Src/segm.o
 .debug_macro   0x0000000000000000       0x20 ./Src/segm.o
 .debug_macro   0x0000000000000000       0x16 ./Src/segm.o
 .debug_macro   0x0000000000000000       0x58 ./Src/segm.o
 .debug_macro   0x0000000000000000       0x2e ./Src/segm.o
 .debug_macro   0x0000000000000000       0x22 ./Src/segm.o
 .debug_macro   0x0000000000000000      0x103 ./Src/segm.o
 .debug_macro   0x0000000000000000       0x6a ./Src/segm.o
 .debug_macro   0x0000000000000000      0x1df ./Src/segm.o
 .debug_macro   0x0000000000000000       0x1c ./Src/segm.o
 .debug_macro   0x0000000000000000       0x22 ./Src/segm.o
 .debug_macro   0x0000000000000000       0xaf ./Src/segm.o
 .debug_macro   0x0000000000000000      0x391 ./Src/segm.o
 .debug_macro   0x0000000000000000     0x8cdd ./Src/segm.o
 .debug_macro   0x0000000000000000       0x3c ./Src/segm.o
 .text          0x0000000000000000       0x14 ./Startup/startup_stm32f051r8tx.o
 .data          0x0000000000000000        0x0 ./Startup/startup_stm32f051r8tx.o
 .bss           0x0000000000000000        0x0 ./Startup/startup_stm32f051r8tx.o
 .text          0x0000000000000000        0x0 c:/software/stm32cubeide_1.9.0/stm32cubeide/plugins/com.st.stm32cube.ide.mcu.externaltools.gnu-tools-for-stm32.10.3-2021.10.win32_1.0.0.202111181127/tools/bin/../lib/gcc/arm-none-eabi/10.3.1/../../../../arm-none-eabi/lib/thumb/v6-m/nofp\libc_nano.a(lib_a-exit.o)
 .data          0x0000000000000000        0x0 c:/software/stm32cubeide_1.9.0/stm32cubeide/plugins/com.st.stm32cube.ide.mcu.externaltools.gnu-tools-for-stm32.10.3-2021.10.win32_1.0.0.202111181127/tools/bin/../lib/gcc/arm-none-eabi/10.3.1/../../../../arm-none-eabi/lib/thumb/v6-m/nofp\libc_nano.a(lib_a-exit.o)
 .bss           0x0000000000000000        0x0 c:/software/stm32cubeide_1.9.0/stm32cubeide/plugins/com.st.stm32cube.ide.mcu.externaltools.gnu-tools-for-stm32.10.3-2021.10.win32_1.0.0.202111181127/tools/bin/../lib/gcc/arm-none-eabi/10.3.1/../../../../arm-none-eabi/lib/thumb/v6-m/nofp\libc_nano.a(lib_a-exit.o)
 .text.exit     0x0000000000000000       0x2c c:/software/stm32cubeide_1.9.0/stm32cubeide/plugins/com.st.stm32cube.ide.mcu.externaltools.gnu-tools-for-stm32.10.3-2021.10.win32_1.0.0.202111181127/tools/bin/../lib/gcc/arm-none-eabi/10.3.1/../../../../arm-none-eabi/lib/thumb/v6-m/nofp\libc_nano.a(lib_a-exit.o)
 .debug_frame   0x0000000000000000       0x28 c:/software/stm32cubeide_1.9.0/stm32cubeide/plugins/com.st.stm32cube.ide.mcu.externaltools.gnu-tools-for-stm32.10.3-2021.10.win32_1.0.0.202111181127/tools/bin/../lib/gcc/arm-none-eabi/10.3.1/../../../../arm-none-eabi/lib/thumb/v6-m/nofp\libc_nano.a(lib_a-exit.o)
 .ARM.attributes
                0x0000000000000000       0x2c c:/software/stm32cubeide_1.9.0/stm32cubeide/plugins/com.st.stm32cube.ide.mcu.externaltools.gnu-tools-for-stm32.10.3-2021.10.win32_1.0.0.202111181127/tools/bin/../lib/gcc/arm-none-eabi/10.3.1/../../../../arm-none-eabi/lib/thumb/v6-m/nofp\libc_nano.a(lib_a-exit.o)
 .text          0x0000000000000000        0x0 c:/software/stm32cubeide_1.9.0/stm32cubeide/plugins/com.st.stm32cube.ide.mcu.externaltools.gnu-tools-for-stm32.10.3-2021.10.win32_1.0.0.202111181127/tools/bin/../lib/gcc/arm-none-eabi/10.3.1/../../../../arm-none-eabi/lib/thumb/v6-m/nofp\libc_nano.a(lib_a-impure.o)
 .data          0x0000000000000000        0x0 c:/software/stm32cubeide_1.9.0/stm32cubeide/plugins/com.st.stm32cube.ide.mcu.externaltools.gnu-tools-for-stm32.10.3-2021.10.win32_1.0.0.202111181127/tools/bin/../lib/gcc/arm-none-eabi/10.3.1/../../../../arm-none-eabi/lib/thumb/v6-m/nofp\libc_nano.a(lib_a-impure.o)
 .bss           0x0000000000000000        0x0 c:/software/stm32cubeide_1.9.0/stm32cubeide/plugins/com.st.stm32cube.ide.mcu.externaltools.gnu-tools-for-stm32.10.3-2021.10.win32_1.0.0.202111181127/tools/bin/../lib/gcc/arm-none-eabi/10.3.1/../../../../arm-none-eabi/lib/thumb/v6-m/nofp\libc_nano.a(lib_a-impure.o)
 .data._impure_ptr
                0x0000000000000000        0x4 c:/software/stm32cubeide_1.9.0/stm32cubeide/plugins/com.st.stm32cube.ide.mcu.externaltools.gnu-tools-for-stm32.10.3-2021.10.win32_1.0.0.202111181127/tools/bin/../lib/gcc/arm-none-eabi/10.3.1/../../../../arm-none-eabi/lib/thumb/v6-m/nofp\libc_nano.a(lib_a-impure.o)
 .data.impure_data
                0x0000000000000000       0x60 c:/software/stm32cubeide_1.9.0/stm32cubeide/plugins/com.st.stm32cube.ide.mcu.externaltools.gnu-tools-for-stm32.10.3-2021.10.win32_1.0.0.202111181127/tools/bin/../lib/gcc/arm-none-eabi/10.3.1/../../../../arm-none-eabi/lib/thumb/v6-m/nofp\libc_nano.a(lib_a-impure.o)
 .rodata._global_impure_ptr
                0x0000000000000000        0x4 c:/software/stm32cubeide_1.9.0/stm32cubeide/plugins/com.st.stm32cube.ide.mcu.externaltools.gnu-tools-for-stm32.10.3-2021.10.win32_1.0.0.202111181127/tools/bin/../lib/gcc/arm-none-eabi/10.3.1/../../../../arm-none-eabi/lib/thumb/v6-m/nofp\libc_nano.a(lib_a-impure.o)
 .ARM.attributes
                0x0000000000000000       0x2c c:/software/stm32cubeide_1.9.0/stm32cubeide/plugins/com.st.stm32cube.ide.mcu.externaltools.gnu-tools-for-stm32.10.3-2021.10.win32_1.0.0.202111181127/tools/bin/../lib/gcc/arm-none-eabi/10.3.1/../../../../arm-none-eabi/lib/thumb/v6-m/nofp\libc_nano.a(lib_a-impure.o)
 .text          0x0000000000000000        0x0 c:/software/stm32cubeide_1.9.0/stm32cubeide/plugins/com.st.stm32cube.ide.mcu.externaltools.gnu-tools-for-stm32.10.3-2021.10.win32_1.0.0.202111181127/tools/bin/../lib/gcc/arm-none-eabi/10.3.1/../../../../arm-none-eabi/lib/thumb/v6-m/nofp\libc_nano.a(lib_a-init.o)
 .data          0x0000000000000000        0x0 c:/software/stm32cubeide_1.9.0/stm32cubeide/plugins/com.st.stm32cube.ide.mcu.externaltools.gnu-tools-for-stm32.10.3-2021.10.win32_1.0.0.202111181127/tools/bin/../lib/gcc/arm-none-eabi/10.3.1/../../../../arm-none-eabi/lib/thumb/v6-m/nofp\libc_nano.a(lib_a-init.o)
 .bss           0x0000000000000000        0x0 c:/software/stm32cubeide_1.9.0/stm32cubeide/plugins/com.st.stm32cube.ide.mcu.externaltools.gnu-tools-for-stm32.10.3-2021.10.win32_1.0.0.202111181127/tools/bin/../lib/gcc/arm-none-eabi/10.3.1/../../../../arm-none-eabi/lib/thumb/v6-m/nofp\libc_nano.a(lib_a-init.o)
 .text          0x0000000000000000        0x0 c:/software/stm32cubeide_1.9.0/stm32cubeide/plugins/com.st.stm32cube.ide.mcu.externaltools.gnu-tools-for-stm32.10.3-2021.10.win32_1.0.0.202111181127/tools/bin/../lib/gcc/arm-none-eabi/10.3.1/../../../../arm-none-eabi/lib/thumb/v6-m/nofp\libc_nano.a(lib_a-memset.o)
 .data          0x0000000000000000        0x0 c:/software/stm32cubeide_1.9.0/stm32cubeide/plugins/com.st.stm32cube.ide.mcu.externaltools.gnu-tools-for-stm32.10.3-2021.10.win32_1.0.0.202111181127/tools/bin/../lib/gcc/arm-none-eabi/10.3.1/../../../../arm-none-eabi/lib/thumb/v6-m/nofp\libc_nano.a(lib_a-memset.o)
 .bss           0x0000000000000000        0x0 c:/software/stm32cubeide_1.9.0/stm32cubeide/plugins/com.st.stm32cube.ide.mcu.externaltools.gnu-tools-for-stm32.10.3-2021.10.win32_1.0.0.202111181127/tools/bin/../lib/gcc/arm-none-eabi/10.3.1/../../../../arm-none-eabi/lib/thumb/v6-m/nofp\libc_nano.a(lib_a-memset.o)
 .text.memset   0x0000000000000000       0x10 c:/software/stm32cubeide_1.9.0/stm32cubeide/plugins/com.st.stm32cube.ide.mcu.externaltools.gnu-tools-for-stm32.10.3-2021.10.win32_1.0.0.202111181127/tools/bin/../lib/gcc/arm-none-eabi/10.3.1/../../../../arm-none-eabi/lib/thumb/v6-m/nofp\libc_nano.a(lib_a-memset.o)
 .debug_frame   0x0000000000000000       0x20 c:/software/stm32cubeide_1.9.0/stm32cubeide/plugins/com.st.stm32cube.ide.mcu.externaltools.gnu-tools-for-stm32.10.3-2021.10.win32_1.0.0.202111181127/tools/bin/../lib/gcc/arm-none-eabi/10.3.1/../../../../arm-none-eabi/lib/thumb/v6-m/nofp\libc_nano.a(lib_a-memset.o)
 .ARM.attributes
                0x0000000000000000       0x2c c:/software/stm32cubeide_1.9.0/stm32cubeide/plugins/com.st.stm32cube.ide.mcu.externaltools.gnu-tools-for-stm32.10.3-2021.10.win32_1.0.0.202111181127/tools/bin/../lib/gcc/arm-none-eabi/10.3.1/../../../../arm-none-eabi/lib/thumb/v6-m/nofp\libc_nano.a(lib_a-memset.o)
 .data          0x0000000000000000        0x0 c:/software/stm32cubeide_1.9.0/stm32cubeide/plugins/com.st.stm32cube.ide.mcu.externaltools.gnu-tools-for-stm32.10.3-2021.10.win32_1.0.0.202111181127/tools/bin/../lib/gcc/arm-none-eabi/10.3.1/thumb/v6-m/nofp\libgcc.a(_udivsi3.o)
 .bss           0x0000000000000000        0x0 c:/software/stm32cubeide_1.9.0/stm32cubeide/plugins/com.st.stm32cube.ide.mcu.externaltools.gnu-tools-for-stm32.10.3-2021.10.win32_1.0.0.202111181127/tools/bin/../lib/gcc/arm-none-eabi/10.3.1/thumb/v6-m/nofp\libgcc.a(_udivsi3.o)
 .data          0x0000000000000000        0x0 c:/software/stm32cubeide_1.9.0/stm32cubeide/plugins/com.st.stm32cube.ide.mcu.externaltools.gnu-tools-for-stm32.10.3-2021.10.win32_1.0.0.202111181127/tools/bin/../lib/gcc/arm-none-eabi/10.3.1/thumb/v6-m/nofp\libgcc.a(_divsi3.o)
 .bss           0x0000000000000000        0x0 c:/software/stm32cubeide_1.9.0/stm32cubeide/plugins/com.st.stm32cube.ide.mcu.externaltools.gnu-tools-for-stm32.10.3-2021.10.win32_1.0.0.202111181127/tools/bin/../lib/gcc/arm-none-eabi/10.3.1/thumb/v6-m/nofp\libgcc.a(_divsi3.o)
 .data          0x0000000000000000        0x0 c:/software/stm32cubeide_1.9.0/stm32cubeide/plugins/com.st.stm32cube.ide.mcu.externaltools.gnu-tools-for-stm32.10.3-2021.10.win32_1.0.0.202111181127/tools/bin/../lib/gcc/arm-none-eabi/10.3.1/thumb/v6-m/nofp\libgcc.a(_dvmd_tls.o)
 .bss           0x0000000000000000        0x0 c:/software/stm32cubeide_1.9.0/stm32cubeide/plugins/com.st.stm32cube.ide.mcu.externaltools.gnu-tools-for-stm32.10.3-2021.10.win32_1.0.0.202111181127/tools/bin/../lib/gcc/arm-none-eabi/10.3.1/thumb/v6-m/nofp\libgcc.a(_dvmd_tls.o)
 .text          0x0000000000000000        0x0 c:/software/stm32cubeide_1.9.0/stm32cubeide/plugins/com.st.stm32cube.ide.mcu.externaltools.gnu-tools-for-stm32.10.3-2021.10.win32_1.0.0.202111181127/tools/bin/../lib/gcc/arm-none-eabi/10.3.1/../../../../arm-none-eabi/lib/thumb/v6-m/nofp\libnosys.a(_exit.o)
 .data          0x0000000000000000        0x0 c:/software/stm32cubeide_1.9.0/stm32cubeide/plugins/com.st.stm32cube.ide.mcu.externaltools.gnu-tools-for-stm32.10.3-2021.10.win32_1.0.0.202111181127/tools/bin/../lib/gcc/arm-none-eabi/10.3.1/../../../../arm-none-eabi/lib/thumb/v6-m/nofp\libnosys.a(_exit.o)
 .bss           0x0000000000000000        0x0 c:/software/stm32cubeide_1.9.0/stm32cubeide/plugins/com.st.stm32cube.ide.mcu.externaltools.gnu-tools-for-stm32.10.3-2021.10.win32_1.0.0.202111181127/tools/bin/../lib/gcc/arm-none-eabi/10.3.1/../../../../arm-none-eabi/lib/thumb/v6-m/nofp\libnosys.a(_exit.o)
 .text._exit    0x0000000000000000        0x2 c:/software/stm32cubeide_1.9.0/stm32cubeide/plugins/com.st.stm32cube.ide.mcu.externaltools.gnu-tools-for-stm32.10.3-2021.10.win32_1.0.0.202111181127/tools/bin/../lib/gcc/arm-none-eabi/10.3.1/../../../../arm-none-eabi/lib/thumb/v6-m/nofp\libnosys.a(_exit.o)
 .debug_frame   0x0000000000000000       0x20 c:/software/stm32cubeide_1.9.0/stm32cubeide/plugins/com.st.stm32cube.ide.mcu.externaltools.gnu-tools-for-stm32.10.3-2021.10.win32_1.0.0.202111181127/tools/bin/../lib/gcc/arm-none-eabi/10.3.1/../../../../arm-none-eabi/lib/thumb/v6-m/nofp\libnosys.a(_exit.o)
 .ARM.attributes
                0x0000000000000000       0x2c c:/software/stm32cubeide_1.9.0/stm32cubeide/plugins/com.st.stm32cube.ide.mcu.externaltools.gnu-tools-for-stm32.10.3-2021.10.win32_1.0.0.202111181127/tools/bin/../lib/gcc/arm-none-eabi/10.3.1/../../../../arm-none-eabi/lib/thumb/v6-m/nofp\libnosys.a(_exit.o)
 .text          0x0000000000000000        0x0 c:/software/stm32cubeide_1.9.0/stm32cubeide/plugins/com.st.stm32cube.ide.mcu.externaltools.gnu-tools-for-stm32.10.3-2021.10.win32_1.0.0.202111181127/tools/bin/../lib/gcc/arm-none-eabi/10.3.1/thumb/v6-m/nofp/crtend.o
 .data          0x0000000000000000        0x0 c:/software/stm32cubeide_1.9.0/stm32cubeide/plugins/com.st.stm32cube.ide.mcu.externaltools.gnu-tools-for-stm32.10.3-2021.10.win32_1.0.0.202111181127/tools/bin/../lib/gcc/arm-none-eabi/10.3.1/thumb/v6-m/nofp/crtend.o
 .bss           0x0000000000000000        0x0 c:/software/stm32cubeide_1.9.0/stm32cubeide/plugins/com.st.stm32cube.ide.mcu.externaltools.gnu-tools-for-stm32.10.3-2021.10.win32_1.0.0.202111181127/tools/bin/../lib/gcc/arm-none-eabi/10.3.1/thumb/v6-m/nofp/crtend.o
 .rodata        0x0000000000000000       0x24 c:/software/stm32cubeide_1.9.0/stm32cubeide/plugins/com.st.stm32cube.ide.mcu.externaltools.gnu-tools-for-stm32.10.3-2021.10.win32_1.0.0.202111181127/tools/bin/../lib/gcc/arm-none-eabi/10.3.1/thumb/v6-m/nofp/crtend.o
 .eh_frame      0x0000000000000000        0x4 c:/software/stm32cubeide_1.9.0/stm32cubeide/plugins/com.st.stm32cube.ide.mcu.externaltools.gnu-tools-for-stm32.10.3-2021.10.win32_1.0.0.202111181127/tools/bin/../lib/gcc/arm-none-eabi/10.3.1/thumb/v6-m/nofp/crtend.o
 .ARM.attributes
                0x0000000000000000       0x2c c:/software/stm32cubeide_1.9.0/stm32cubeide/plugins/com.st.stm32cube.ide.mcu.externaltools.gnu-tools-for-stm32.10.3-2021.10.win32_1.0.0.202111181127/tools/bin/../lib/gcc/arm-none-eabi/10.3.1/thumb/v6-m/nofp/crtend.o
 .text          0x0000000000000000        0x0 c:/software/stm32cubeide_1.9.0/stm32cubeide/plugins/com.st.stm32cube.ide.mcu.externaltools.gnu-tools-for-stm32.10.3-2021.10.win32_1.0.0.202111181127/tools/bin/../lib/gcc/arm-none-eabi/10.3.1/thumb/v6-m/nofp/crtn.o
 .data          0x0000000000000000        0x0 c:/software/stm32cubeide_1.9.0/stm32cubeide/plugins/com.st.stm32cube.ide.mcu.externaltools.gnu-tools-for-stm32.10.3-2021.10.win32_1.0.0.202111181127/tools/bin/../lib/gcc/arm-none-eabi/10.3.1/thumb/v6-m/nofp/crtn.o
 .bss           0x0000000000000000        0x0 c:/software/stm32cubeide_1.9.0/stm32cubeide/plugins/com.st.stm32cube.ide.mcu.externaltools.gnu-tools-for-stm32.10.3-2021.10.win32_1.0.0.202111181127/tools/bin/../lib/gcc/arm-none-eabi/10.3.1/thumb/v6-m/nofp/crtn.o

Memory Configuration

Name             Origin             Length             Attributes
RAM              0x0000000020000000 0x0000000000002000 xrw
FLASH            0x0000000008000000 0x0000000000010000 xr
*default*        0x0000000000000000 0xffffffffffffffff

Linker script and memory map

LOAD c:/software/stm32cubeide_1.9.0/stm32cubeide/plugins/com.st.stm32cube.ide.mcu.externaltools.gnu-tools-for-stm32.10.3-2021.10.win32_1.0.0.202111181127/tools/bin/../lib/gcc/arm-none-eabi/10.3.1/thumb/v6-m/nofp/crti.o
LOAD c:/software/stm32cubeide_1.9.0/stm32cubeide/plugins/com.st.stm32cube.ide.mcu.externaltools.gnu-tools-for-stm32.10.3-2021.10.win32_1.0.0.202111181127/tools/bin/../lib/gcc/arm-none-eabi/10.3.1/thumb/v6-m/nofp/crtbegin.o
LOAD c:/software/stm32cubeide_1.9.0/stm32cubeide/plugins/com.st.stm32cube.ide.mcu.externaltools.gnu-tools-for-stm32.10.3-2021.10.win32_1.0.0.202111181127/tools/bin/../lib/gcc/arm-none-eabi/10.3.1/../../../../arm-none-eabi/lib/thumb/v6-m/nofp/crt0.o
LOAD ./CMSIS/Src/system_stm32f0xx.o
LOAD ./Src/application.o
LOAD ./Src/main.o
LOAD ./Src/misc.o
LOAD ./Src/onewire.o
LOAD ./Src/segm.o
LOAD ./Startup/startup_stm32f051r8tx.o
START GROUP
LOAD c:/software/stm32cubeide_1.9.0/stm32cubeide/plugins/com.st.stm32cube.ide.mcu.externaltools.gnu-tools-for-stm32.10.3-2021.10.win32_1.0.0.202111181127/tools/bin/../lib/gcc/arm-none-eabi/10.3.1/../../../../arm-none-eabi/lib/thumb/v6-m/nofp\libc_nano.a
LOAD c:/software/stm32cubeide_1.9.0/stm32cubeide/plugins/com.st.stm32cube.ide.mcu.externaltools.gnu-tools-for-stm32.10.3-2021.10.win32_1.0.0.202111181127/tools/bin/../lib/gcc/arm-none-eabi/10.3.1/../../../../arm-none-eabi/lib/thumb/v6-m/nofp\libm.a
END GROUP
START GROUP
LOAD c:/software/stm32cubeide_1.9.0/stm32cubeide/plugins/com.st.stm32cube.ide.mcu.externaltools.gnu-tools-for-stm32.10.3-2021.10.win32_1.0.0.202111181127/tools/bin/../lib/gcc/arm-none-eabi/10.3.1/thumb/v6-m/nofp\libgcc.a
LOAD c:/software/stm32cubeide_1.9.0/stm32cubeide/plugins/com.st.stm32cube.ide.mcu.externaltools.gnu-tools-for-stm32.10.3-2021.10.win32_1.0.0.202111181127/tools/bin/../lib/gcc/arm-none-eabi/10.3.1/../../../../arm-none-eabi/lib/thumb/v6-m/nofp\libc_nano.a
END GROUP
START GROUP
LOAD c:/software/stm32cubeide_1.9.0/stm32cubeide/plugins/com.st.stm32cube.ide.mcu.externaltools.gnu-tools-for-stm32.10.3-2021.10.win32_1.0.0.202111181127/tools/bin/../lib/gcc/arm-none-eabi/10.3.1/thumb/v6-m/nofp\libgcc.a
LOAD c:/software/stm32cubeide_1.9.0/stm32cubeide/plugins/com.st.stm32cube.ide.mcu.externaltools.gnu-tools-for-stm32.10.3-2021.10.win32_1.0.0.202111181127/tools/bin/../lib/gcc/arm-none-eabi/10.3.1/../../../../arm-none-eabi/lib/thumb/v6-m/nofp\libc_nano.a
LOAD c:/software/stm32cubeide_1.9.0/stm32cubeide/plugins/com.st.stm32cube.ide.mcu.externaltools.gnu-tools-for-stm32.10.3-2021.10.win32_1.0.0.202111181127/tools/bin/../lib/gcc/arm-none-eabi/10.3.1/../../../../arm-none-eabi/lib/thumb/v6-m/nofp\libnosys.a
END GROUP
START GROUP
LOAD c:/software/stm32cubeide_1.9.0/stm32cubeide/plugins/com.st.stm32cube.ide.mcu.externaltools.gnu-tools-for-stm32.10.3-2021.10.win32_1.0.0.202111181127/tools/bin/../lib/gcc/arm-none-eabi/10.3.1/thumb/v6-m/nofp\libgcc.a
LOAD c:/software/stm32cubeide_1.9.0/stm32cubeide/plugins/com.st.stm32cube.ide.mcu.externaltools.gnu-tools-for-stm32.10.3-2021.10.win32_1.0.0.202111181127/tools/bin/../lib/gcc/arm-none-eabi/10.3.1/../../../../arm-none-eabi/lib/thumb/v6-m/nofp\libc_nano.a
LOAD c:/software/stm32cubeide_1.9.0/stm32cubeide/plugins/com.st.stm32cube.ide.mcu.externaltools.gnu-tools-for-stm32.10.3-2021.10.win32_1.0.0.202111181127/tools/bin/../lib/gcc/arm-none-eabi/10.3.1/../../../../arm-none-eabi/lib/thumb/v6-m/nofp\libnosys.a
END GROUP
LOAD c:/software/stm32cubeide_1.9.0/stm32cubeide/plugins/com.st.stm32cube.ide.mcu.externaltools.gnu-tools-for-stm32.10.3-2021.10.win32_1.0.0.202111181127/tools/bin/../lib/gcc/arm-none-eabi/10.3.1/thumb/v6-m/nofp/crtend.o
LOAD c:/software/stm32cubeide_1.9.0/stm32cubeide/plugins/com.st.stm32cube.ide.mcu.externaltools.gnu-tools-for-stm32.10.3-2021.10.win32_1.0.0.202111181127/tools/bin/../lib/gcc/arm-none-eabi/10.3.1/thumb/v6-m/nofp/crtn.o
                0x0000000020002000                _estack = (ORIGIN (RAM) + LENGTH (RAM))
                0x0000000000000200                _Min_Heap_Size = 0x200
                0x0000000000000400                _Min_Stack_Size = 0x400

.isr_vector     0x0000000008000000       0xc0
                0x0000000008000000                . = ALIGN (0x4)
 *(.isr_vector)
 .isr_vector    0x0000000008000000       0xc0 ./Startup/startup_stm32f051r8tx.o
                0x0000000008000000                g_pfnVectors
                0x00000000080000c0                . = ALIGN (0x4)

.text           0x00000000080000c0      0xfa0
                0x00000000080000c0                . = ALIGN (0x4)
 *(.text)
 .text          0x00000000080000c0       0x48 c:/software/stm32cubeide_1.9.0/stm32cubeide/plugins/com.st.stm32cube.ide.mcu.externaltools.gnu-tools-for-stm32.10.3-2021.10.win32_1.0.0.202111181127/tools/bin/../lib/gcc/arm-none-eabi/10.3.1/thumb/v6-m/nofp/crtbegin.o
 .text          0x0000000008000108      0x114 c:/software/stm32cubeide_1.9.0/stm32cubeide/plugins/com.st.stm32cube.ide.mcu.externaltools.gnu-tools-for-stm32.10.3-2021.10.win32_1.0.0.202111181127/tools/bin/../lib/gcc/arm-none-eabi/10.3.1/thumb/v6-m/nofp\libgcc.a(_udivsi3.o)
                0x0000000008000108                __aeabi_uidiv
                0x0000000008000108                __udivsi3
                0x0000000008000214                __aeabi_uidivmod
 .text          0x000000000800021c      0x1d4 c:/software/stm32cubeide_1.9.0/stm32cubeide/plugins/com.st.stm32cube.ide.mcu.externaltools.gnu-tools-for-stm32.10.3-2021.10.win32_1.0.0.202111181127/tools/bin/../lib/gcc/arm-none-eabi/10.3.1/thumb/v6-m/nofp\libgcc.a(_divsi3.o)
                0x000000000800021c                __divsi3
                0x000000000800021c                __aeabi_idiv
                0x00000000080003e8                __aeabi_idivmod
 .text          0x00000000080003f0        0x4 c:/software/stm32cubeide_1.9.0/stm32cubeide/plugins/com.st.stm32cube.ide.mcu.externaltools.gnu-tools-for-stm32.10.3-2021.10.win32_1.0.0.202111181127/tools/bin/../lib/gcc/arm-none-eabi/10.3.1/thumb/v6-m/nofp\libgcc.a(_dvmd_tls.o)
                0x00000000080003f0                __aeabi_idiv0
                0x00000000080003f0                __aeabi_ldiv0
 *(.text*)
 .text.SystemInit
                0x00000000080003f4        0xa ./CMSIS/Src/system_stm32f0xx.o
                0x00000000080003f4                SystemInit
 *fill*         0x00000000080003fe        0x2 
 .text.SystemCoreClockUpdate
                0x0000000008000400       0xec ./CMSIS/Src/system_stm32f0xx.o
                0x0000000008000400                SystemCoreClockUpdate
 .text.oneWireTemp
                0x00000000080004ec      0x134 ./Src/application.o
                0x00000000080004ec                oneWireTemp
 .text.TIM17_IRQHandler
                0x0000000008000620       0xa8 ./Src/main.o
                0x0000000008000620                TIM17_IRQHandler
 .text.main     0x00000000080006c8       0xd0 ./Src/main.o
                0x00000000080006c8                main
 .text.__NVIC_EnableIRQ
                0x0000000008000798       0x34 ./Src/misc.o
 .text.initHW   0x00000000080007cc       0x16 ./Src/misc.o
                0x00000000080007cc                initHW
 *fill*         0x00000000080007e2        0x2 
 .text.initRCC  0x00000000080007e4       0x74 ./Src/misc.o
                0x00000000080007e4                initRCC
 .text.initTIM  0x0000000008000858       0x90 ./Src/misc.o
                0x0000000008000858                initTIM
 .text.initGPIO
                0x00000000080008e8       0x74 ./Src/misc.o
                0x00000000080008e8                initGPIO
 .text.timClearIFlag
                0x000000000800095c       0x14 ./Src/misc.o
                0x000000000800095c                timClearIFlag
 .text.dsCRC    0x0000000008000970       0xa8 ./Src/onewire.o
                0x0000000008000970                dsCRC
 .text.delayUs  0x0000000008000a18       0x28 ./Src/onewire.o
                0x0000000008000a18                delayUs
 .text.checkPresence
                0x0000000008000a40       0xb0 ./Src/onewire.o
                0x0000000008000a40                checkPresence
 .text.writeByte
                0x0000000008000af0       0xb2 ./Src/onewire.o
                0x0000000008000af0                writeByte
 .text.readByte
                0x0000000008000ba2       0xe0 ./Src/onewire.o
                0x0000000008000ba2                readByte
 .text.startDS  0x0000000008000c82       0xc2 ./Src/onewire.o
                0x0000000008000c82                startDS
 .text.readDS   0x0000000008000d44      0x1f8 ./Src/onewire.o
                0x0000000008000d44                readDS
 .text.drawDigit
                0x0000000008000f3c       0x70 ./Src/segm.o
                0x0000000008000f3c                drawDigit
 .text.Reset_Handler
                0x0000000008000fac       0x50 ./Startup/startup_stm32f051r8tx.o
                0x0000000008000fac                Reset_Handler
 .text.Default_Handler
                0x0000000008000ffc        0x2 ./Startup/startup_stm32f051r8tx.o
                0x0000000008000ffc                DMA1_CH4_5_6_7_DMA2_CH3_4_5_IRQHandler
                0x0000000008000ffc                TIM1_CC_IRQHandler
                0x0000000008000ffc                TSC_IRQHandler
                0x0000000008000ffc                HardFault_Handler
                0x0000000008000ffc                SysTick_Handler
                0x0000000008000ffc                PVD_IRQHandler
                0x0000000008000ffc                PendSV_Handler
                0x0000000008000ffc                NMI_Handler
                0x0000000008000ffc                I2C1_IRQHandler
                0x0000000008000ffc                RCC_CRS_IRQHandler
                0x0000000008000ffc                SPI1_IRQHandler
                0x0000000008000ffc                TIM6_DAC_IRQHandler
                0x0000000008000ffc                EXTI2_3_IRQHandler
                0x0000000008000ffc                I2C2_IRQHandler
                0x0000000008000ffc                CEC_CAN_IRQHandler
                0x0000000008000ffc                RTC_IRQHandler
                0x0000000008000ffc                TIM16_IRQHandler
                0x0000000008000ffc                TIM3_IRQHandler
                0x0000000008000ffc                EXTI4_15_IRQHandler
                0x0000000008000ffc                Default_Handler
                0x0000000008000ffc                DMA1_CH2_3_DMA2_CH1_2_IRQHandler
                0x0000000008000ffc                TIM14_IRQHandler
                0x0000000008000ffc                TIM7_IRQHandler
                0x0000000008000ffc                TIM15_IRQHandler
                0x0000000008000ffc                EXTI0_1_IRQHandler
                0x0000000008000ffc                USB_IRQHandler
                0x0000000008000ffc                SPI2_IRQHandler
                0x0000000008000ffc                DMA1_CH1_IRQHandler
                0x0000000008000ffc                SVC_Handler
                0x0000000008000ffc                WWDG_IRQHandler
                0x0000000008000ffc                TIM2_IRQHandler
                0x0000000008000ffc                ADC_COMP_IRQHandler
                0x0000000008000ffc                USART2_IRQHandler
                0x0000000008000ffc                USART3_4_5_6_7_8_IRQHandler
                0x0000000008000ffc                FLASH_IRQHandler
                0x0000000008000ffc                USART1_IRQHandler
                0x0000000008000ffc                TIM1_BRK_UP_TRG_COM_IRQHandler
 *fill*         0x0000000008000ffe        0x2 
 .text.__libc_init_array
                0x0000000008001000       0x48 c:/software/stm32cubeide_1.9.0/stm32cubeide/plugins/com.st.stm32cube.ide.mcu.externaltools.gnu-tools-for-stm32.10.3-2021.10.win32_1.0.0.202111181127/tools/bin/../lib/gcc/arm-none-eabi/10.3.1/../../../../arm-none-eabi/lib/thumb/v6-m/nofp\libc_nano.a(lib_a-init.o)
                0x0000000008001000                __libc_init_array
 *(.glue_7)
 .glue_7        0x0000000008001048        0x0 linker stubs
 *(.glue_7t)
 .glue_7t       0x0000000008001048        0x0 linker stubs
 *(.eh_frame)
 .eh_frame      0x0000000008001048        0x0 c:/software/stm32cubeide_1.9.0/stm32cubeide/plugins/com.st.stm32cube.ide.mcu.externaltools.gnu-tools-for-stm32.10.3-2021.10.win32_1.0.0.202111181127/tools/bin/../lib/gcc/arm-none-eabi/10.3.1/thumb/v6-m/nofp/crtbegin.o
 *(.init)
 .init          0x0000000008001048        0x4 c:/software/stm32cubeide_1.9.0/stm32cubeide/plugins/com.st.stm32cube.ide.mcu.externaltools.gnu-tools-for-stm32.10.3-2021.10.win32_1.0.0.202111181127/tools/bin/../lib/gcc/arm-none-eabi/10.3.1/thumb/v6-m/nofp/crti.o
                0x0000000008001048                _init
 .init          0x000000000800104c        0x8 c:/software/stm32cubeide_1.9.0/stm32cubeide/plugins/com.st.stm32cube.ide.mcu.externaltools.gnu-tools-for-stm32.10.3-2021.10.win32_1.0.0.202111181127/tools/bin/../lib/gcc/arm-none-eabi/10.3.1/thumb/v6-m/nofp/crtn.o
 *(.fini)
 .fini          0x0000000008001054        0x4 c:/software/stm32cubeide_1.9.0/stm32cubeide/plugins/com.st.stm32cube.ide.mcu.externaltools.gnu-tools-for-stm32.10.3-2021.10.win32_1.0.0.202111181127/tools/bin/../lib/gcc/arm-none-eabi/10.3.1/thumb/v6-m/nofp/crti.o
                0x0000000008001054                _fini
 .fini          0x0000000008001058        0x8 c:/software/stm32cubeide_1.9.0/stm32cubeide/plugins/com.st.stm32cube.ide.mcu.externaltools.gnu-tools-for-stm32.10.3-2021.10.win32_1.0.0.202111181127/tools/bin/../lib/gcc/arm-none-eabi/10.3.1/thumb/v6-m/nofp/crtn.o
                0x0000000008001060                . = ALIGN (0x4)
                0x0000000008001060                _etext = .

.vfp11_veneer   0x0000000008001060        0x0
 .vfp11_veneer  0x0000000008001060        0x0 linker stubs

.v4_bx          0x0000000008001060        0x0
 .v4_bx         0x0000000008001060        0x0 linker stubs

.iplt           0x0000000008001060        0x0
 .iplt          0x0000000008001060        0x0 c:/software/stm32cubeide_1.9.0/stm32cubeide/plugins/com.st.stm32cube.ide.mcu.externaltools.gnu-tools-for-stm32.10.3-2021.10.win32_1.0.0.202111181127/tools/bin/../lib/gcc/arm-none-eabi/10.3.1/thumb/v6-m/nofp/crtbegin.o

.rodata         0x0000000008001060       0x10
                0x0000000008001060                . = ALIGN (0x4)
 *(.rodata)
 *(.rodata*)
 .rodata.AHBPrescTable
                0x0000000008001060       0x10 ./CMSIS/Src/system_stm32f0xx.o
                0x0000000008001060                AHBPrescTable
                0x0000000008001070                . = ALIGN (0x4)

.rel.dyn        0x0000000008001070        0x0
 .rel.iplt      0x0000000008001070        0x0 c:/software/stm32cubeide_1.9.0/stm32cubeide/plugins/com.st.stm32cube.ide.mcu.externaltools.gnu-tools-for-stm32.10.3-2021.10.win32_1.0.0.202111181127/tools/bin/../lib/gcc/arm-none-eabi/10.3.1/thumb/v6-m/nofp/crtbegin.o

.ARM.extab      0x0000000008001070        0x0
                0x0000000008001070                . = ALIGN (0x4)
 *(.ARM.extab* .gnu.linkonce.armextab.*)
                0x0000000008001070                . = ALIGN (0x4)

.ARM            0x0000000008001070        0x0
                0x0000000008001070                . = ALIGN (0x4)
                0x0000000008001070                __exidx_start = .
 *(.ARM.exidx*)
                0x0000000008001070                __exidx_end = .
                0x0000000008001070                . = ALIGN (0x4)

.preinit_array  0x0000000008001070        0x0
                0x0000000008001070                . = ALIGN (0x4)
                0x0000000008001070                PROVIDE (__preinit_array_start = .)
 *(.preinit_array*)
                0x0000000008001070                PROVIDE (__preinit_array_end = .)
                0x0000000008001070                . = ALIGN (0x4)

.init_array     0x0000000008001070        0x4
                0x0000000008001070                . = ALIGN (0x4)
                0x0000000008001070                PROVIDE (__init_array_start = .)
 *(SORT_BY_NAME(.init_array.*))
 *(.init_array*)
 .init_array    0x0000000008001070        0x4 c:/software/stm32cubeide_1.9.0/stm32cubeide/plugins/com.st.stm32cube.ide.mcu.externaltools.gnu-tools-for-stm32.10.3-2021.10.win32_1.0.0.202111181127/tools/bin/../lib/gcc/arm-none-eabi/10.3.1/thumb/v6-m/nofp/crtbegin.o
                0x0000000008001074                PROVIDE (__init_array_end = .)
                0x0000000008001074                . = ALIGN (0x4)

.fini_array     0x0000000008001074        0x4
                0x0000000008001074                . = ALIGN (0x4)
                [!provide]                        PROVIDE (__fini_array_start = .)
 *(SORT_BY_NAME(.fini_array.*))
 *(.fini_array*)
 .fini_array    0x0000000008001074        0x4 c:/software/stm32cubeide_1.9.0/stm32cubeide/plugins/com.st.stm32cube.ide.mcu.externaltools.gnu-tools-for-stm32.10.3-2021.10.win32_1.0.0.202111181127/tools/bin/../lib/gcc/arm-none-eabi/10.3.1/thumb/v6-m/nofp/crtbegin.o
                [!provide]                        PROVIDE (__fini_array_end = .)
                0x0000000008001078                . = ALIGN (0x4)
                0x0000000008001078                _sidata = LOADADDR (.data)

.data           0x0000000020000000       0x18 load address 0x0000000008001078
                0x0000000020000000                . = ALIGN (0x4)
                0x0000000020000000                _sdata = .
 *(.data)
 *(.data*)
 .data.SystemCoreClock
                0x0000000020000000        0x4 ./CMSIS/Src/system_stm32f0xx.o
                0x0000000020000000                SystemCoreClock
 .data.oneWireSemaphore
                0x0000000020000004        0x1 ./Src/main.o
 *fill*         0x0000000020000005        0x3 
 .data.showBuffer
                0x0000000020000008        0x4 ./Src/main.o
                0x0000000020000008                showBuffer
 .data.segmentToPort
                0x000000002000000c        0xb ./Src/segm.o
                0x000000002000000c                segmentToPort
 *(.RamFunc)
 *(.RamFunc*)
                0x0000000020000018                . = ALIGN (0x4)
 *fill*         0x0000000020000017        0x1 
                0x0000000020000018                _edata = .

.igot.plt       0x0000000020000018        0x0 load address 0x0000000008001090
 .igot.plt      0x0000000020000018        0x0 c:/software/stm32cubeide_1.9.0/stm32cubeide/plugins/com.st.stm32cube.ide.mcu.externaltools.gnu-tools-for-stm32.10.3-2021.10.win32_1.0.0.202111181127/tools/bin/../lib/gcc/arm-none-eabi/10.3.1/thumb/v6-m/nofp/crtbegin.o
                0x0000000020000018                . = ALIGN (0x4)

.bss            0x0000000020000018       0x3c load address 0x0000000008001090
                0x0000000020000018                _sbss = .
                0x0000000020000018                __bss_start__ = _sbss
 *(.bss)
 .bss           0x0000000020000018       0x1c c:/software/stm32cubeide_1.9.0/stm32cubeide/plugins/com.st.stm32cube.ide.mcu.externaltools.gnu-tools-for-stm32.10.3-2021.10.win32_1.0.0.202111181127/tools/bin/../lib/gcc/arm-none-eabi/10.3.1/thumb/v6-m/nofp/crtbegin.o
 *(.bss*)
 .bss.tempPt.3  0x0000000020000034        0x2 ./Src/application.o
 .bss.dsStatus.2
                0x0000000020000036        0x1 ./Src/application.o
 *fill*         0x0000000020000037        0x1 
 .bss.temperature.1
                0x0000000020000038        0x2 ./Src/application.o
 .bss.errorsCounter.0
                0x000000002000003a        0x1 ./Src/application.o
 *fill*         0x000000002000003b        0x1 
 .bss.temperature
                0x000000002000003c        0x2 ./Src/main.o
 .bss.hzCounter
                0x000000002000003e        0x2 ./Src/main.o
 .bss.ledCounter
                0x0000000020000040        0x1 ./Src/main.o
 .bss.mainTaskSemaphore
                0x0000000020000041        0x1 ./Src/main.o
 *fill*         0x0000000020000042        0x2 
 .bss.oneWirePT
                0x0000000020000044        0x2 ./Src/main.o
 *fill*         0x0000000020000046        0x2 
 .bss.packet    0x0000000020000048        0x9 ./Src/onewire.o
 *(COMMON)
                0x0000000020000054                . = ALIGN (0x4)
 *fill*         0x0000000020000051        0x3 
                0x0000000020000054                _ebss = .
                0x0000000020000054                __bss_end__ = _ebss

._user_heap_stack
                0x0000000020000054      0x604 load address 0x0000000008001090
                0x0000000020000058                . = ALIGN (0x8)
 *fill*         0x0000000020000054        0x4 
                [!provide]                        PROVIDE (end = .)
                [!provide]                        PROVIDE (_end = .)
                0x0000000020000258                . = (. + _Min_Heap_Size)
 *fill*         0x0000000020000058      0x200 
                0x0000000020000658                . = (. + _Min_Stack_Size)
 *fill*         0x0000000020000258      0x400 
                0x0000000020000658                . = ALIGN (0x8)

/DISCARD/
 libc.a(*)
 libm.a(*)
 libgcc.a(*)

.ARM.attributes
                0x0000000000000000       0x28
 *(.ARM.attributes)
 .ARM.attributes
                0x0000000000000000       0x1e c:/software/stm32cubeide_1.9.0/stm32cubeide/plugins/com.st.stm32cube.ide.mcu.externaltools.gnu-tools-for-stm32.10.3-2021.10.win32_1.0.0.202111181127/tools/bin/../lib/gcc/arm-none-eabi/10.3.1/thumb/v6-m/nofp/crti.o
 .ARM.attributes
                0x000000000000001e       0x2c c:/software/stm32cubeide_1.9.0/stm32cubeide/plugins/com.st.stm32cube.ide.mcu.externaltools.gnu-tools-for-stm32.10.3-2021.10.win32_1.0.0.202111181127/tools/bin/../lib/gcc/arm-none-eabi/10.3.1/thumb/v6-m/nofp/crtbegin.o
 .ARM.attributes
                0x000000000000004a       0x2c ./CMSIS/Src/system_stm32f0xx.o
 .ARM.attributes
                0x0000000000000076       0x2c ./Src/application.o
 .ARM.attributes
                0x00000000000000a2       0x2c ./Src/main.o
 .ARM.attributes
                0x00000000000000ce       0x2c ./Src/misc.o
 .ARM.attributes
                0x00000000000000fa       0x2c ./Src/onewire.o
 .ARM.attributes
                0x0000000000000126       0x2c ./Src/segm.o
 .ARM.attributes
                0x0000000000000152       0x21 ./Startup/startup_stm32f051r8tx.o
 .ARM.attributes
                0x0000000000000173       0x2c c:/software/stm32cubeide_1.9.0/stm32cubeide/plugins/com.st.stm32cube.ide.mcu.externaltools.gnu-tools-for-stm32.10.3-2021.10.win32_1.0.0.202111181127/tools/bin/../lib/gcc/arm-none-eabi/10.3.1/../../../../arm-none-eabi/lib/thumb/v6-m/nofp\libc_nano.a(lib_a-init.o)
 .ARM.attributes
                0x000000000000019f       0x1e c:/software/stm32cubeide_1.9.0/stm32cubeide/plugins/com.st.stm32cube.ide.mcu.externaltools.gnu-tools-for-stm32.10.3-2021.10.win32_1.0.0.202111181127/tools/bin/../lib/gcc/arm-none-eabi/10.3.1/thumb/v6-m/nofp\libgcc.a(_udivsi3.o)
 .ARM.attributes
                0x00000000000001bd       0x1e c:/software/stm32cubeide_1.9.0/stm32cubeide/plugins/com.st.stm32cube.ide.mcu.externaltools.gnu-tools-for-stm32.10.3-2021.10.win32_1.0.0.202111181127/tools/bin/../lib/gcc/arm-none-eabi/10.3.1/thumb/v6-m/nofp\libgcc.a(_divsi3.o)
 .ARM.attributes
                0x00000000000001db       0x1e c:/software/stm32cubeide_1.9.0/stm32cubeide/plugins/com.st.stm32cube.ide.mcu.externaltools.gnu-tools-for-stm32.10.3-2021.10.win32_1.0.0.202111181127/tools/bin/../lib/gcc/arm-none-eabi/10.3.1/thumb/v6-m/nofp\libgcc.a(_dvmd_tls.o)
 .ARM.attributes
                0x00000000000001f9       0x1e c:/software/stm32cubeide_1.9.0/stm32cubeide/plugins/com.st.stm32cube.ide.mcu.externaltools.gnu-tools-for-stm32.10.3-2021.10.win32_1.0.0.202111181127/tools/bin/../lib/gcc/arm-none-eabi/10.3.1/thumb/v6-m/nofp/crtn.o
OUTPUT(dse-test-task.elf elf32-littlearm)
LOAD linker stubs
LOAD c:/software/stm32cubeide_1.9.0/stm32cubeide/plugins/com.st.stm32cube.ide.mcu.externaltools.gnu-tools-for-stm32.10.3-2021.10.win32_1.0.0.202111181127/tools/bin/../lib/gcc/arm-none-eabi/10.3.1/../../../../arm-none-eabi/lib/thumb/v6-m/nofp\libc.a
LOAD c:/software/stm32cubeide_1.9.0/stm32cubeide/plugins/com.st.stm32cube.ide.mcu.externaltools.gnu-tools-for-stm32.10.3-2021.10.win32_1.0.0.202111181127/tools/bin/../lib/gcc/arm-none-eabi/10.3.1/../../../../arm-none-eabi/lib/thumb/v6-m/nofp\libm.a
LOAD c:/software/stm32cubeide_1.9.0/stm32cubeide/plugins/com.st.stm32cube.ide.mcu.externaltools.gnu-tools-for-stm32.10.3-2021.10.win32_1.0.0.202111181127/tools/bin/../lib/gcc/arm-none-eabi/10.3.1/thumb/v6-m/nofp\libgcc.a

.debug_info     0x0000000000000000     0x12ae
 .debug_info    0x0000000000000000      0x262 ./CMSIS/Src/system_stm32f0xx.o
 .debug_info    0x0000000000000262      0x1e4 ./Src/application.o
 .debug_info    0x0000000000000446      0x1e2 ./Src/main.o
 .debug_info    0x0000000000000628      0x5f0 ./Src/misc.o
 .debug_info    0x0000000000000c18      0x4c1 ./Src/onewire.o
 .debug_info    0x00000000000010d9      0x1b3 ./Src/segm.o
 .debug_info    0x000000000000128c       0x22 ./Startup/startup_stm32f051r8tx.o

.debug_abbrev   0x0000000000000000      0x7b1
 .debug_abbrev  0x0000000000000000      0x116 ./CMSIS/Src/system_stm32f0xx.o
 .debug_abbrev  0x0000000000000116      0x122 ./Src/application.o
 .debug_abbrev  0x0000000000000238      0x13e ./Src/main.o
 .debug_abbrev  0x0000000000000376      0x16e ./Src/misc.o
 .debug_abbrev  0x00000000000004e4      0x1d9 ./Src/onewire.o
 .debug_abbrev  0x00000000000006bd       0xe2 ./Src/segm.o
 .debug_abbrev  0x000000000000079f       0x12 ./Startup/startup_stm32f051r8tx.o

.debug_aranges  0x0000000000000000      0x150
 .debug_aranges
                0x0000000000000000       0x28 ./CMSIS/Src/system_stm32f0xx.o
 .debug_aranges
                0x0000000000000028       0x20 ./Src/application.o
 .debug_aranges
                0x0000000000000048       0x28 ./Src/main.o
 .debug_aranges
                0x0000000000000070       0x48 ./Src/misc.o
 .debug_aranges
                0x00000000000000b8       0x50 ./Src/onewire.o
 .debug_aranges
                0x0000000000000108       0x20 ./Src/segm.o
 .debug_aranges
                0x0000000000000128       0x28 ./Startup/startup_stm32f051r8tx.o

.debug_ranges   0x0000000000000000       0xe8
 .debug_ranges  0x0000000000000000       0x18 ./CMSIS/Src/system_stm32f0xx.o
 .debug_ranges  0x0000000000000018       0x10 ./Src/application.o
 .debug_ranges  0x0000000000000028       0x18 ./Src/main.o
 .debug_ranges  0x0000000000000040       0x38 ./Src/misc.o
 .debug_ranges  0x0000000000000078       0x40 ./Src/onewire.o
 .debug_ranges  0x00000000000000b8       0x10 ./Src/segm.o
 .debug_ranges  0x00000000000000c8       0x20 ./Startup/startup_stm32f051r8tx.o

.debug_macro    0x0000000000000000     0xb59f
 .debug_macro   0x0000000000000000       0xcc ./CMSIS/Src/system_stm32f0xx.o
 .debug_macro   0x00000000000000cc      0xa54 ./CMSIS/Src/system_stm32f0xx.o
 .debug_macro   0x0000000000000b20       0x2e ./CMSIS/Src/system_stm32f0xx.o
 .debug_macro   0x0000000000000b4e       0x22 ./CMSIS/Src/system_stm32f0xx.o
 .debug_macro   0x0000000000000b70       0x22 ./CMSIS/Src/system_stm32f0xx.o
 .debug_macro   0x0000000000000b92       0x8e ./CMSIS/Src/system_stm32f0xx.o
 .debug_macro   0x0000000000000c20       0x51 ./CMSIS/Src/system_stm32f0xx.o
 .debug_macro   0x0000000000000c71      0x103 ./CMSIS/Src/system_stm32f0xx.o
 .debug_macro   0x0000000000000d74       0x6a ./CMSIS/Src/system_stm32f0xx.o
 .debug_macro   0x0000000000000dde      0x1df ./CMSIS/Src/system_stm32f0xx.o
 .debug_macro   0x0000000000000fbd       0x1c ./CMSIS/Src/system_stm32f0xx.o
 .debug_macro   0x0000000000000fd9       0x22 ./CMSIS/Src/system_stm32f0xx.o
 .debug_macro   0x0000000000000ffb       0xaf ./CMSIS/Src/system_stm32f0xx.o
 .debug_macro   0x00000000000010aa      0x391 ./CMSIS/Src/system_stm32f0xx.o
 .debug_macro   0x000000000000143b     0x8cdd ./CMSIS/Src/system_stm32f0xx.o
 .debug_macro   0x000000000000a118       0x3c ./CMSIS/Src/system_stm32f0xx.o
 .debug_macro   0x000000000000a154      0x1e0 ./Src/application.o
 .debug_macro   0x000000000000a334       0x1c ./Src/application.o
 .debug_macro   0x000000000000a350       0x4c ./Src/application.o
 .debug_macro   0x000000000000a39c       0x18 ./Src/application.o
 .debug_macro   0x000000000000a3b4       0x94 ./Src/application.o
 .debug_macro   0x000000000000a448       0x3c ./Src/application.o
 .debug_macro   0x000000000000a484       0x34 ./Src/application.o
 .debug_macro   0x000000000000a4b8      0x174 ./Src/application.o
 .debug_macro   0x000000000000a62c       0x16 ./Src/application.o
 .debug_macro   0x000000000000a642       0x43 ./Src/application.o
 .debug_macro   0x000000000000a685       0x57 ./Src/application.o
 .debug_macro   0x000000000000a6dc       0x34 ./Src/application.o
 .debug_macro   0x000000000000a710       0x10 ./Src/application.o
 .debug_macro   0x000000000000a720       0x58 ./Src/application.o
 .debug_macro   0x000000000000a778       0x71 ./Src/application.o
 .debug_macro   0x000000000000a7e9       0x1c ./Src/application.o
 .debug_macro   0x000000000000a805      0x12a ./Src/application.o
 .debug_macro   0x000000000000a92f      0x341 ./Src/application.o
 .debug_macro   0x000000000000ac70       0x10 ./Src/application.o
 .debug_macro   0x000000000000ac80       0x35 ./Src/application.o
 .debug_macro   0x000000000000acb5       0x20 ./Src/application.o
 .debug_macro   0x000000000000acd5       0x16 ./Src/application.o
 .debug_macro   0x000000000000aceb       0x22 ./Src/application.o
 .debug_macro   0x000000000000ad0d       0x73 ./Src/application.o
 .debug_macro   0x000000000000ad80       0x46 ./Src/application.o
 .debug_macro   0x000000000000adc6      0x1f9 ./Src/main.o
 .debug_macro   0x000000000000afbf       0x58 ./Src/main.o
 .debug_macro   0x000000000000b017      0x1b8 ./Src/misc.o
 .debug_macro   0x000000000000b1cf       0x52 ./Src/misc.o
 .debug_macro   0x000000000000b221      0x1d0 ./Src/onewire.o
 .debug_macro   0x000000000000b3f1      0x1ae ./Src/segm.o

.debug_line     0x0000000000000000     0x27ad
 .debug_line    0x0000000000000000      0x4b5 ./CMSIS/Src/system_stm32f0xx.o
 .debug_line    0x00000000000004b5      0x663 ./Src/application.o
 .debug_line    0x0000000000000b18      0x654 ./Src/main.o
 .debug_line    0x000000000000116c      0x6dc ./Src/misc.o
 .debug_line    0x0000000000001848      0x8fa ./Src/onewire.o
 .debug_line    0x0000000000002142      0x5e7 ./Src/segm.o
 .debug_line    0x0000000000002729       0x84 ./Startup/startup_stm32f051r8tx.o

.debug_str      0x0000000000000000    0x3a3dc
 .debug_str     0x0000000000000000    0x366a7 ./CMSIS/Src/system_stm32f0xx.o
                                      0x3684e (size before relaxing)
 .debug_str     0x00000000000366a7     0x380b ./Src/application.o
                                      0x39f79 (size before relaxing)
 .debug_str     0x0000000000039eb2      0x1db ./Src/main.o
                                      0x3a0a2 (size before relaxing)
 .debug_str     0x000000000003a08d      0x248 ./Src/misc.o
                                      0x39d94 (size before relaxing)
 .debug_str     0x000000000003a2d5       0xab ./Src/onewire.o
                                      0x39ff4 (size before relaxing)
 .debug_str     0x000000000003a380       0x2b ./Src/segm.o
                                      0x39a9b (size before relaxing)
 .debug_str     0x000000000003a3ab       0x31 ./Startup/startup_stm32f051r8tx.o
                                         0x4d (size before relaxing)

.comment        0x0000000000000000       0x50
 .comment       0x0000000000000000       0x50 ./CMSIS/Src/system_stm32f0xx.o
                                         0x51 (size before relaxing)
 .comment       0x0000000000000050       0x51 ./Src/application.o
 .comment       0x0000000000000050       0x51 ./Src/main.o
 .comment       0x0000000000000050       0x51 ./Src/misc.o
 .comment       0x0000000000000050       0x51 ./Src/onewire.o
 .comment       0x0000000000000050       0x51 ./Src/segm.o

.debug_frame    0x0000000000000000      0x314
 .debug_frame   0x0000000000000000       0x4c ./CMSIS/Src/system_stm32f0xx.o
 .debug_frame   0x000000000000004c       0x30 ./Src/application.o
 .debug_frame   0x000000000000007c       0x48 ./Src/main.o
 .debug_frame   0x00000000000000c4       0xc0 ./Src/misc.o
 .debug_frame   0x0000000000000184       0xf4 ./Src/onewire.o
 .debug_frame   0x0000000000000278       0x30 ./Src/segm.o
 .debug_frame   0x00000000000002a8       0x2c c:/software/stm32cubeide_1.9.0/stm32cubeide/plugins/com.st.stm32cube.ide.mcu.externaltools.gnu-tools-for-stm32.10.3-2021.10.win32_1.0.0.202111181127/tools/bin/../lib/gcc/arm-none-eabi/10.3.1/../../../../arm-none-eabi/lib/thumb/v6-m/nofp\libc_nano.a(lib_a-init.o)
 .debug_frame   0x00000000000002d4       0x20 c:/software/stm32cubeide_1.9.0/stm32cubeide/plugins/com.st.stm32cube.ide.mcu.externaltools.gnu-tools-for-stm32.10.3-2021.10.win32_1.0.0.202111181127/tools/bin/../lib/gcc/arm-none-eabi/10.3.1/thumb/v6-m/nofp\libgcc.a(_udivsi3.o)
 .debug_frame   0x00000000000002f4       0x20 c:/software/stm32cubeide_1.9.0/stm32cubeide/plugins/com.st.stm32cube.ide.mcu.externaltools.gnu-tools-for-stm32.10.3-2021.10.win32_1.0.0.202111181127/tools/bin/../lib/gcc/arm-none-eabi/10.3.1/thumb/v6-m/nofp\libgcc.a(_divsi3.o)
